2025-06-08 01:25:50,826 - INFO - multimodal_api - Running app on 0.0.0.0:8000
2025-06-08 01:25:50,885 - INFO - multimodal_api - Starting up Multimodal Document Assistant API...
2025-06-08 01:25:50,885 - INFO - core - Initializing ChromaDB client...
2025-06-08 01:25:50,886 - INFO - ChromaClient - Initializing ChromaClient with collection: multimodal_docs
2025-06-08 01:25:50,913 - INFO - chromadb.telemetry.product.posthog - Anonymized telemetry enabled. See                     https://docs.trychroma.com/telemetry for more information.
2025-06-08 01:25:51,079 - INFO - GeminiEmbeddings - Configuring Gemini embeddings model
2025-06-08 01:25:51,079 - INFO - GeminiEmbeddings - Gemini embeddings model initialized
2025-06-08 01:25:51,101 - INFO - ChromaClient - Chroma collection ready
2025-06-08 01:25:51,101 - INFO - core - Initializing Gemini embeddings...
2025-06-08 01:25:51,101 - INFO - GeminiEmbeddings - Configuring Gemini embeddings model
2025-06-08 01:25:51,101 - INFO - GeminiEmbeddings - Gemini embeddings model initialized
2025-06-08 01:25:51,102 - INFO - core - Core services initialized
2025-06-08 01:25:51,102 - INFO - multimodal_api - Services initialized successfully.
2025-06-08 01:25:56,048 - INFO - upload - Upload request received: filename=Birds.pdf, document_id=None
2025-06-08 01:25:56,051 - INFO - upload - Using document ID: 412af627a47bdc7b
2025-06-08 01:25:56,051 - INFO - ChromaClient - Initializing ChromaClient with collection: multimodal_docs
2025-06-08 01:25:56,066 - INFO - GeminiEmbeddings - Configuring Gemini embeddings model
2025-06-08 01:25:56,066 - INFO - GeminiEmbeddings - Gemini embeddings model initialized
2025-06-08 01:25:56,077 - INFO - ChromaClient - Chroma collection ready
2025-06-08 01:25:56,220 - INFO - upload - Saved uploaded file to temp path: C:\Users\anush\AppData\Local\Temp\tmplnrdbsdo.pdf
2025-06-08 01:25:56,281 - INFO - GeminiMultimodalProcessor - Configuring Gemini API and model
2025-06-08 01:25:56,281 - INFO - GeminiMultimodalProcessor - GeminiMultimodalProcessor initialized
2025-06-08 01:25:56,282 - INFO - PDFProcessor - Starting full processing of PDF file: C:\Users\anush\AppData\Local\Temp\tmplnrdbsdo.pdf
2025-06-08 01:25:56,460 - INFO - PDFProcessor - Extracted text length: 43963 characters.
2025-06-08 01:25:58,286 - INFO - PDFProcessor - Extracted 0 tables in total.
2025-06-08 01:25:58,322 - INFO - GeminiMultimodalProcessor - Processing content of type: image
2025-06-08 01:25:58,322 - INFO - GeminiMultimodalProcessor - Processing image content
2025-06-08 01:26:02,664 - INFO - GeminiMultimodalProcessor - Image caption generated
2025-06-08 01:26:02,674 - INFO - GeminiMultimodalProcessor - Processing content of type: image
2025-06-08 01:26:02,674 - INFO - GeminiMultimodalProcessor - Processing image content
2025-06-08 01:26:05,470 - INFO - GeminiMultimodalProcessor - Image caption generated
2025-06-08 01:26:05,489 - INFO - GeminiMultimodalProcessor - Processing content of type: image
2025-06-08 01:26:05,490 - INFO - GeminiMultimodalProcessor - Processing image content
2025-06-08 01:26:08,635 - INFO - GeminiMultimodalProcessor - Image caption generated
2025-06-08 01:26:08,645 - INFO - GeminiMultimodalProcessor - Processing content of type: image
2025-06-08 01:26:08,646 - INFO - GeminiMultimodalProcessor - Processing image content
2025-06-08 01:26:11,142 - INFO - GeminiMultimodalProcessor - Image caption generated
2025-06-08 01:26:11,159 - INFO - GeminiMultimodalProcessor - Processing content of type: image
2025-06-08 01:26:11,159 - INFO - GeminiMultimodalProcessor - Processing image content
2025-06-08 01:26:14,167 - INFO - GeminiMultimodalProcessor - Image caption generated
2025-06-08 01:26:14,214 - INFO - GeminiMultimodalProcessor - Processing content of type: image
2025-06-08 01:26:14,214 - INFO - GeminiMultimodalProcessor - Processing image content
2025-06-08 01:26:18,485 - INFO - GeminiMultimodalProcessor - Image caption generated
2025-06-08 01:26:18,522 - INFO - GeminiMultimodalProcessor - Processing content of type: image
2025-06-08 01:26:18,523 - INFO - GeminiMultimodalProcessor - Processing image content
2025-06-08 01:26:21,508 - INFO - GeminiMultimodalProcessor - Image caption generated
2025-06-08 01:26:21,526 - INFO - GeminiMultimodalProcessor - Processing content of type: image
2025-06-08 01:26:21,526 - INFO - GeminiMultimodalProcessor - Processing image content
2025-06-08 01:26:25,195 - INFO - GeminiMultimodalProcessor - Image caption generated
2025-06-08 01:26:25,235 - INFO - GeminiMultimodalProcessor - Processing content of type: image
2025-06-08 01:26:25,236 - INFO - GeminiMultimodalProcessor - Processing image content
2025-06-08 01:26:28,366 - INFO - GeminiMultimodalProcessor - Image caption generated
2025-06-08 01:26:28,372 - INFO - GeminiMultimodalProcessor - Processing content of type: image
2025-06-08 01:26:28,372 - INFO - GeminiMultimodalProcessor - Processing image content
2025-06-08 01:26:32,495 - INFO - GeminiMultimodalProcessor - Image caption generated
2025-06-08 01:26:32,500 - INFO - GeminiMultimodalProcessor - Processing content of type: image
2025-06-08 01:26:32,501 - INFO - GeminiMultimodalProcessor - Processing image content
2025-06-08 01:26:36,365 - INFO - GeminiMultimodalProcessor - Image caption generated
2025-06-08 01:26:36,397 - INFO - GeminiMultimodalProcessor - Processing content of type: image
2025-06-08 01:26:36,397 - INFO - GeminiMultimodalProcessor - Processing image content
2025-06-08 01:26:40,022 - INFO - GeminiMultimodalProcessor - Image caption generated
2025-06-08 01:26:40,028 - INFO - GeminiMultimodalProcessor - Processing content of type: image
2025-06-08 01:26:40,029 - INFO - GeminiMultimodalProcessor - Processing image content
2025-06-08 01:26:42,915 - INFO - GeminiMultimodalProcessor - Image caption generated
2025-06-08 01:26:42,920 - INFO - GeminiMultimodalProcessor - Processing content of type: image
2025-06-08 01:26:42,920 - INFO - GeminiMultimodalProcessor - Processing image content
2025-06-08 01:26:46,051 - INFO - GeminiMultimodalProcessor - Image caption generated
2025-06-08 01:26:46,057 - INFO - GeminiMultimodalProcessor - Processing content of type: image
2025-06-08 01:26:46,058 - INFO - GeminiMultimodalProcessor - Processing image content
2025-06-08 01:26:49,715 - INFO - GeminiMultimodalProcessor - Image caption generated
2025-06-08 01:26:49,720 - INFO - GeminiMultimodalProcessor - Processing content of type: image
2025-06-08 01:26:49,720 - INFO - GeminiMultimodalProcessor - Processing image content
2025-06-08 01:26:52,810 - INFO - GeminiMultimodalProcessor - Image caption generated
2025-06-08 01:26:52,817 - INFO - GeminiMultimodalProcessor - Processing content of type: image
2025-06-08 01:26:52,818 - INFO - GeminiMultimodalProcessor - Processing image content
2025-06-08 01:26:56,366 - INFO - GeminiMultimodalProcessor - Image caption generated
2025-06-08 01:26:56,370 - INFO - GeminiMultimodalProcessor - Processing content of type: image
2025-06-08 01:26:56,372 - INFO - GeminiMultimodalProcessor - Processing image content
2025-06-08 01:26:57,759 - ERROR - GeminiMultimodalProcessor - Image processing failed: 429 You exceeded your current quota, please check your plan and billing details. For more information on this error, head to: https://ai.google.dev/gemini-api/docs/rate-limits. [violations {
  quota_metric: "generativelanguage.googleapis.com/generate_content_free_tier_requests"
  quota_id: "GenerateRequestsPerMinutePerProjectPerModel-FreeTier"
  quota_dimensions {
    key: "model"
    value: "gemini-1.5-flash"
  }
  quota_dimensions {
    key: "location"
    value: "global"
  }
  quota_value: 15
}
, links {
  description: "Learn more about Gemini API quotas"
  url: "https://ai.google.dev/gemini-api/docs/rate-limits"
}
, retry_delay {
  seconds: 48
}
]
2025-06-08 01:26:57,760 - ERROR - core.exceptions - Document Processing Error: Image processing failed: 429 You exceeded your current quota, please check your plan and billing details. For more information on this error, head to: https://ai.google.dev/gemini-api/docs/rate-limits. [violations {
  quota_metric: "generativelanguage.googleapis.com/generate_content_free_tier_requests"
  quota_id: "GenerateRequestsPerMinutePerProjectPerModel-FreeTier"
  quota_dimensions {
    key: "model"
    value: "gemini-1.5-flash"
  }
  quota_dimensions {
    key: "location"
    value: "global"
  }
  quota_value: 15
}
, links {
  description: "Learn more about Gemini API quotas"
  url: "https://ai.google.dev/gemini-api/docs/rate-limits"
}
, retry_delay {
  seconds: 48
}
]
2025-06-08 01:26:57,760 - ERROR - PDFProcessor - Image processing failed on page 11, image 2: 422: Image processing failed: 429 You exceeded your current quota, please check your plan and billing details. For more information on this error, head to: https://ai.google.dev/gemini-api/docs/rate-limits. [violations {
  quota_metric: "generativelanguage.googleapis.com/generate_content_free_tier_requests"
  quota_id: "GenerateRequestsPerMinutePerProjectPerModel-FreeTier"
  quota_dimensions {
    key: "model"
    value: "gemini-1.5-flash"
  }
  quota_dimensions {
    key: "location"
    value: "global"
  }
  quota_value: 15
}
, links {
  description: "Learn more about Gemini API quotas"
  url: "https://ai.google.dev/gemini-api/docs/rate-limits"
}
, retry_delay {
  seconds: 48
}
]
Traceback (most recent call last):
  File "C:\Users\anush\Desktop\python_project\Knowledge_Assisstance_Usecase\backend\core\captioner.py", line 202, in process_image
    response = self.model.generate_content(
  File "C:\Users\anush\Desktop\python_project\Knowledge_Assisstance_Usecase\backend\myenv\lib\site-packages\google\generativeai\generative_models.py", line 331, in generate_content
    response = self._client.generate_content(
  File "C:\Users\anush\Desktop\python_project\Knowledge_Assisstance_Usecase\backend\myenv\lib\site-packages\google\ai\generativelanguage_v1beta\services\generative_service\client.py", line 835, in generate_content
    response = rpc(
  File "C:\Users\anush\Desktop\python_project\Knowledge_Assisstance_Usecase\backend\myenv\lib\site-packages\google\api_core\gapic_v1\method.py", line 131, in __call__
    return wrapped_func(*args, **kwargs)
  File "C:\Users\anush\Desktop\python_project\Knowledge_Assisstance_Usecase\backend\myenv\lib\site-packages\google\api_core\retry\retry_unary.py", line 293, in retry_wrapped_func
    return retry_target(
  File "C:\Users\anush\Desktop\python_project\Knowledge_Assisstance_Usecase\backend\myenv\lib\site-packages\google\api_core\retry\retry_unary.py", line 153, in retry_target
    _retry_error_helper(
  File "C:\Users\anush\Desktop\python_project\Knowledge_Assisstance_Usecase\backend\myenv\lib\site-packages\google\api_core\retry\retry_base.py", line 212, in _retry_error_helper
    raise final_exc from source_exc
  File "C:\Users\anush\Desktop\python_project\Knowledge_Assisstance_Usecase\backend\myenv\lib\site-packages\google\api_core\retry\retry_unary.py", line 144, in retry_target
    result = target()
  File "C:\Users\anush\Desktop\python_project\Knowledge_Assisstance_Usecase\backend\myenv\lib\site-packages\google\api_core\timeout.py", line 130, in func_with_timeout
    return func(*args, **kwargs)
  File "C:\Users\anush\Desktop\python_project\Knowledge_Assisstance_Usecase\backend\myenv\lib\site-packages\google\api_core\grpc_helpers.py", line 78, in error_remapped_callable
    raise exceptions.from_grpc_error(exc) from exc
google.api_core.exceptions.ResourceExhausted: 429 You exceeded your current quota, please check your plan and billing details. For more information on this error, head to: https://ai.google.dev/gemini-api/docs/rate-limits. [violations {
  quota_metric: "generativelanguage.googleapis.com/generate_content_free_tier_requests"
  quota_id: "GenerateRequestsPerMinutePerProjectPerModel-FreeTier"
  quota_dimensions {
    key: "model"
    value: "gemini-1.5-flash"
  }
  quota_dimensions {
    key: "location"
    value: "global"
  }
  quota_value: 15
}
, links {
  description: "Learn more about Gemini API quotas"
  url: "https://ai.google.dev/gemini-api/docs/rate-limits"
}
, retry_delay {
  seconds: 48
}
]

During handling of the above exception, another exception occurred:

Traceback (most recent call last):
  File "C:\Users\anush\Desktop\python_project\Knowledge_Assisstance_Usecase\backend\multimodel\processing\pdf.py", line 412, in extract_images
    caption_obj = self.captioner.process(buffer.read(), 'image')
  File "C:\Users\anush\Desktop\python_project\Knowledge_Assisstance_Usecase\backend\core\captioner.py", line 244, in process
    return self.process_image(content)
  File "C:\Users\anush\Desktop\python_project\Knowledge_Assisstance_Usecase\backend\core\captioner.py", line 216, in process_image
    raise DocumentProcessingError(
core.exceptions.DocumentProcessingError: 422: Image processing failed: 429 You exceeded your current quota, please check your plan and billing details. For more information on this error, head to: https://ai.google.dev/gemini-api/docs/rate-limits. [violations {
  quota_metric: "generativelanguage.googleapis.com/generate_content_free_tier_requests"
  quota_id: "GenerateRequestsPerMinutePerProjectPerModel-FreeTier"
  quota_dimensions {
    key: "model"
    value: "gemini-1.5-flash"
  }
  quota_dimensions {
    key: "location"
    value: "global"
  }
  quota_value: 15
}
, links {
  description: "Learn more about Gemini API quotas"
  url: "https://ai.google.dev/gemini-api/docs/rate-limits"
}
, retry_delay {
  seconds: 48
}
]
2025-06-08 01:26:57,777 - INFO - GeminiMultimodalProcessor - Processing content of type: image
2025-06-08 01:26:57,777 - INFO - GeminiMultimodalProcessor - Processing image content
2025-06-08 01:26:59,440 - ERROR - GeminiMultimodalProcessor - Image processing failed: 429 You exceeded your current quota, please check your plan and billing details. For more information on this error, head to: https://ai.google.dev/gemini-api/docs/rate-limits. [violations {
  quota_metric: "generativelanguage.googleapis.com/generate_content_free_tier_requests"
  quota_id: "GenerateRequestsPerMinutePerProjectPerModel-FreeTier"
  quota_dimensions {
    key: "model"
    value: "gemini-1.5-flash"
  }
  quota_dimensions {
    key: "location"
    value: "global"
  }
  quota_value: 15
}
, links {
  description: "Learn more about Gemini API quotas"
  url: "https://ai.google.dev/gemini-api/docs/rate-limits"
}
, retry_delay {
  seconds: 46
}
]
2025-06-08 01:26:59,440 - ERROR - core.exceptions - Document Processing Error: Image processing failed: 429 You exceeded your current quota, please check your plan and billing details. For more information on this error, head to: https://ai.google.dev/gemini-api/docs/rate-limits. [violations {
  quota_metric: "generativelanguage.googleapis.com/generate_content_free_tier_requests"
  quota_id: "GenerateRequestsPerMinutePerProjectPerModel-FreeTier"
  quota_dimensions {
    key: "model"
    value: "gemini-1.5-flash"
  }
  quota_dimensions {
    key: "location"
    value: "global"
  }
  quota_value: 15
}
, links {
  description: "Learn more about Gemini API quotas"
  url: "https://ai.google.dev/gemini-api/docs/rate-limits"
}
, retry_delay {
  seconds: 46
}
]
2025-06-08 01:26:59,441 - ERROR - PDFProcessor - Image processing failed on page 12, image 1: 422: Image processing failed: 429 You exceeded your current quota, please check your plan and billing details. For more information on this error, head to: https://ai.google.dev/gemini-api/docs/rate-limits. [violations {
  quota_metric: "generativelanguage.googleapis.com/generate_content_free_tier_requests"
  quota_id: "GenerateRequestsPerMinutePerProjectPerModel-FreeTier"
  quota_dimensions {
    key: "model"
    value: "gemini-1.5-flash"
  }
  quota_dimensions {
    key: "location"
    value: "global"
  }
  quota_value: 15
}
, links {
  description: "Learn more about Gemini API quotas"
  url: "https://ai.google.dev/gemini-api/docs/rate-limits"
}
, retry_delay {
  seconds: 46
}
]
Traceback (most recent call last):
  File "C:\Users\anush\Desktop\python_project\Knowledge_Assisstance_Usecase\backend\core\captioner.py", line 202, in process_image
    response = self.model.generate_content(
  File "C:\Users\anush\Desktop\python_project\Knowledge_Assisstance_Usecase\backend\myenv\lib\site-packages\google\generativeai\generative_models.py", line 331, in generate_content
    response = self._client.generate_content(
  File "C:\Users\anush\Desktop\python_project\Knowledge_Assisstance_Usecase\backend\myenv\lib\site-packages\google\ai\generativelanguage_v1beta\services\generative_service\client.py", line 835, in generate_content
    response = rpc(
  File "C:\Users\anush\Desktop\python_project\Knowledge_Assisstance_Usecase\backend\myenv\lib\site-packages\google\api_core\gapic_v1\method.py", line 131, in __call__
    return wrapped_func(*args, **kwargs)
  File "C:\Users\anush\Desktop\python_project\Knowledge_Assisstance_Usecase\backend\myenv\lib\site-packages\google\api_core\retry\retry_unary.py", line 293, in retry_wrapped_func
    return retry_target(
  File "C:\Users\anush\Desktop\python_project\Knowledge_Assisstance_Usecase\backend\myenv\lib\site-packages\google\api_core\retry\retry_unary.py", line 153, in retry_target
    _retry_error_helper(
  File "C:\Users\anush\Desktop\python_project\Knowledge_Assisstance_Usecase\backend\myenv\lib\site-packages\google\api_core\retry\retry_base.py", line 212, in _retry_error_helper
    raise final_exc from source_exc
  File "C:\Users\anush\Desktop\python_project\Knowledge_Assisstance_Usecase\backend\myenv\lib\site-packages\google\api_core\retry\retry_unary.py", line 144, in retry_target
    result = target()
  File "C:\Users\anush\Desktop\python_project\Knowledge_Assisstance_Usecase\backend\myenv\lib\site-packages\google\api_core\timeout.py", line 130, in func_with_timeout
    return func(*args, **kwargs)
  File "C:\Users\anush\Desktop\python_project\Knowledge_Assisstance_Usecase\backend\myenv\lib\site-packages\google\api_core\grpc_helpers.py", line 78, in error_remapped_callable
    raise exceptions.from_grpc_error(exc) from exc
google.api_core.exceptions.ResourceExhausted: 429 You exceeded your current quota, please check your plan and billing details. For more information on this error, head to: https://ai.google.dev/gemini-api/docs/rate-limits. [violations {
  quota_metric: "generativelanguage.googleapis.com/generate_content_free_tier_requests"
  quota_id: "GenerateRequestsPerMinutePerProjectPerModel-FreeTier"
  quota_dimensions {
    key: "model"
    value: "gemini-1.5-flash"
  }
  quota_dimensions {
    key: "location"
    value: "global"
  }
  quota_value: 15
}
, links {
  description: "Learn more about Gemini API quotas"
  url: "https://ai.google.dev/gemini-api/docs/rate-limits"
}
, retry_delay {
  seconds: 46
}
]

During handling of the above exception, another exception occurred:

Traceback (most recent call last):
  File "C:\Users\anush\Desktop\python_project\Knowledge_Assisstance_Usecase\backend\multimodel\processing\pdf.py", line 412, in extract_images
    caption_obj = self.captioner.process(buffer.read(), 'image')
  File "C:\Users\anush\Desktop\python_project\Knowledge_Assisstance_Usecase\backend\core\captioner.py", line 244, in process
    return self.process_image(content)
  File "C:\Users\anush\Desktop\python_project\Knowledge_Assisstance_Usecase\backend\core\captioner.py", line 216, in process_image
    raise DocumentProcessingError(
core.exceptions.DocumentProcessingError: 422: Image processing failed: 429 You exceeded your current quota, please check your plan and billing details. For more information on this error, head to: https://ai.google.dev/gemini-api/docs/rate-limits. [violations {
  quota_metric: "generativelanguage.googleapis.com/generate_content_free_tier_requests"
  quota_id: "GenerateRequestsPerMinutePerProjectPerModel-FreeTier"
  quota_dimensions {
    key: "model"
    value: "gemini-1.5-flash"
  }
  quota_dimensions {
    key: "location"
    value: "global"
  }
  quota_value: 15
}
, links {
  description: "Learn more about Gemini API quotas"
  url: "https://ai.google.dev/gemini-api/docs/rate-limits"
}
, retry_delay {
  seconds: 46
}
]
2025-06-08 01:26:59,446 - INFO - GeminiMultimodalProcessor - Processing content of type: image
2025-06-08 01:26:59,447 - INFO - GeminiMultimodalProcessor - Processing image content
2025-06-08 01:27:02,572 - INFO - GeminiMultimodalProcessor - Image caption generated
2025-06-08 01:27:02,579 - INFO - GeminiMultimodalProcessor - Processing content of type: image
2025-06-08 01:27:02,580 - INFO - GeminiMultimodalProcessor - Processing image content
2025-06-08 01:27:06,465 - INFO - GeminiMultimodalProcessor - Image caption generated
2025-06-08 01:27:06,468 - INFO - GeminiMultimodalProcessor - Processing content of type: image
2025-06-08 01:27:06,468 - INFO - GeminiMultimodalProcessor - Processing image content
2025-06-08 01:27:09,210 - INFO - GeminiMultimodalProcessor - Image caption generated
2025-06-08 01:27:09,215 - INFO - GeminiMultimodalProcessor - Processing content of type: image
2025-06-08 01:27:09,215 - INFO - GeminiMultimodalProcessor - Processing image content
2025-06-08 01:27:12,880 - INFO - GeminiMultimodalProcessor - Image caption generated
2025-06-08 01:27:12,885 - INFO - GeminiMultimodalProcessor - Processing content of type: image
2025-06-08 01:27:12,885 - INFO - GeminiMultimodalProcessor - Processing image content
2025-06-08 01:27:15,644 - INFO - GeminiMultimodalProcessor - Image caption generated
2025-06-08 01:27:15,650 - INFO - GeminiMultimodalProcessor - Processing content of type: image
2025-06-08 01:27:15,650 - INFO - GeminiMultimodalProcessor - Processing image content
2025-06-08 01:27:19,909 - INFO - GeminiMultimodalProcessor - Image caption generated
2025-06-08 01:27:19,912 - INFO - GeminiMultimodalProcessor - Processing content of type: image
2025-06-08 01:27:19,914 - INFO - GeminiMultimodalProcessor - Processing image content
2025-06-08 01:27:22,792 - INFO - GeminiMultimodalProcessor - Image caption generated
2025-06-08 01:27:22,810 - INFO - GeminiMultimodalProcessor - Processing content of type: image
2025-06-08 01:27:22,810 - INFO - GeminiMultimodalProcessor - Processing image content
2025-06-08 01:27:25,886 - INFO - GeminiMultimodalProcessor - Image caption generated
2025-06-08 01:27:25,898 - INFO - GeminiMultimodalProcessor - Processing content of type: image
2025-06-08 01:27:25,898 - INFO - GeminiMultimodalProcessor - Processing image content
2025-06-08 01:27:29,156 - INFO - GeminiMultimodalProcessor - Image caption generated
2025-06-08 01:27:29,160 - INFO - GeminiMultimodalProcessor - Processing content of type: image
2025-06-08 01:27:29,160 - INFO - GeminiMultimodalProcessor - Processing image content
2025-06-08 01:27:31,821 - INFO - GeminiMultimodalProcessor - Image caption generated
2025-06-08 01:27:31,825 - INFO - GeminiMultimodalProcessor - Processing content of type: image
2025-06-08 01:27:31,826 - INFO - GeminiMultimodalProcessor - Processing image content
2025-06-08 01:27:34,835 - INFO - GeminiMultimodalProcessor - Image caption generated
2025-06-08 01:27:34,841 - INFO - GeminiMultimodalProcessor - Processing content of type: image
2025-06-08 01:27:34,841 - INFO - GeminiMultimodalProcessor - Processing image content
2025-06-08 01:27:38,089 - INFO - GeminiMultimodalProcessor - Image caption generated
2025-06-08 01:27:38,098 - INFO - GeminiMultimodalProcessor - Processing content of type: image
2025-06-08 01:27:38,099 - INFO - GeminiMultimodalProcessor - Processing image content
2025-06-08 01:27:41,135 - INFO - GeminiMultimodalProcessor - Image caption generated
2025-06-08 01:27:41,139 - INFO - GeminiMultimodalProcessor - Processing content of type: image
2025-06-08 01:27:41,139 - INFO - GeminiMultimodalProcessor - Processing image content
2025-06-08 01:27:43,711 - INFO - GeminiMultimodalProcessor - Image caption generated
2025-06-08 01:27:43,712 - INFO - PDFProcessor - Extracted 33 images in total.
2025-06-08 01:27:43,716 - INFO - PDFProcessor - Total document chunks created: 32
2025-06-08 01:27:43,753 - INFO - upload - Processed document into 32 valid chunks
2025-06-08 01:27:43,779 - INFO - ChromaClient - Adding 32 document chunks for document_id: 412af627a47bdc7b
2025-06-08 01:27:43,781 - INFO - GeminiEmbeddings - Embedding total of 2 documents
2025-06-08 01:27:44,491 - INFO - GeminiEmbeddings - Generated embedding dimension: 768
2025-06-08 01:27:45,682 - INFO - GeminiEmbeddings - Generated embedding dimension: 768
2025-06-08 01:27:45,683 - INFO - GeminiEmbeddings - Completed embedding of all batches
2025-06-08 01:27:45,767 - INFO - GeminiEmbeddings - Embedding total of 31 documents
2025-06-08 01:27:46,253 - INFO - GeminiEmbeddings - Generated embedding dimension: 768
2025-06-08 01:27:47,515 - INFO - GeminiEmbeddings - Generated embedding dimension: 768
2025-06-08 01:27:48,117 - INFO - GeminiEmbeddings - Generated embedding dimension: 768
2025-06-08 01:27:49,355 - INFO - GeminiEmbeddings - Generated embedding dimension: 768
2025-06-08 01:27:49,871 - INFO - GeminiEmbeddings - Generated embedding dimension: 768
2025-06-08 01:27:51,051 - INFO - GeminiEmbeddings - Generated embedding dimension: 768
2025-06-08 01:27:51,719 - INFO - GeminiEmbeddings - Generated embedding dimension: 768
2025-06-08 01:27:52,823 - INFO - GeminiEmbeddings - Generated embedding dimension: 768
2025-06-08 01:27:53,472 - INFO - GeminiEmbeddings - Generated embedding dimension: 768
2025-06-08 01:27:54,538 - INFO - GeminiEmbeddings - Generated embedding dimension: 768
2025-06-08 01:27:55,248 - INFO - GeminiEmbeddings - Generated embedding dimension: 768
2025-06-08 01:27:56,338 - INFO - GeminiEmbeddings - Generated embedding dimension: 768
2025-06-08 01:27:56,991 - INFO - GeminiEmbeddings - Generated embedding dimension: 768
2025-06-08 01:27:58,030 - INFO - GeminiEmbeddings - Generated embedding dimension: 768
2025-06-08 01:27:58,732 - INFO - GeminiEmbeddings - Generated embedding dimension: 768
2025-06-08 01:27:59,784 - INFO - GeminiEmbeddings - Generated embedding dimension: 768
2025-06-08 01:28:00,443 - INFO - GeminiEmbeddings - Generated embedding dimension: 768
2025-06-08 01:28:01,520 - INFO - GeminiEmbeddings - Generated embedding dimension: 768
2025-06-08 01:28:02,174 - INFO - GeminiEmbeddings - Generated embedding dimension: 768
2025-06-08 01:28:03,262 - INFO - GeminiEmbeddings - Generated embedding dimension: 768
2025-06-08 01:28:03,881 - INFO - GeminiEmbeddings - Generated embedding dimension: 768
2025-06-08 01:28:05,025 - INFO - GeminiEmbeddings - Generated embedding dimension: 768
2025-06-08 01:28:05,627 - INFO - GeminiEmbeddings - Generated embedding dimension: 768
2025-06-08 01:28:06,758 - INFO - GeminiEmbeddings - Generated embedding dimension: 768
2025-06-08 01:28:07,326 - INFO - GeminiEmbeddings - Generated embedding dimension: 768
2025-06-08 01:28:08,502 - INFO - GeminiEmbeddings - Generated embedding dimension: 768
2025-06-08 01:28:09,013 - INFO - GeminiEmbeddings - Generated embedding dimension: 768
2025-06-08 01:28:10,245 - INFO - GeminiEmbeddings - Generated embedding dimension: 768
2025-06-08 01:28:10,753 - INFO - GeminiEmbeddings - Generated embedding dimension: 768
2025-06-08 01:28:11,978 - INFO - GeminiEmbeddings - Generated embedding dimension: 768
2025-06-08 01:28:12,495 - INFO - GeminiEmbeddings - Generated embedding dimension: 768
2025-06-08 01:28:12,495 - INFO - GeminiEmbeddings - Completed embedding of all batches
2025-06-08 01:28:12,496 - WARNING - ChromaClient - Some image URIs missing or empty; adding without URIs
2025-06-08 01:28:12,565 - INFO - ChromaClient - Documents added successfully to ChromaDB
2025-06-08 01:28:12,567 - INFO - upload - Added document chunks to ChromaDB with document ID: 412af627a47bdc7b
2025-06-08 01:28:12,567 - INFO - upload - Document page count: 32
2025-06-08 01:51:30,868 - INFO - query - Received query request: question='Why are birds considered good indicators of watershed health?', document_id='412af627a47bdc7b', top_k=3
2025-06-08 01:51:30,880 - INFO - MultimodalRetriever - Initializing MultimodalRetriever
2025-06-08 01:51:30,883 - INFO - ChromaClient - Initializing ChromaClient with collection: multimodal_docs
2025-06-08 01:51:31,048 - INFO - GeminiEmbeddings - Configuring Gemini embeddings model
2025-06-08 01:51:31,060 - INFO - GeminiEmbeddings - Gemini embeddings model initialized
2025-06-08 01:51:31,103 - INFO - ChromaClient - Chroma collection ready
2025-06-08 01:51:31,103 - INFO - GeminiEmbeddings - Configuring Gemini embeddings model
2025-06-08 01:51:31,103 - INFO - GeminiEmbeddings - Gemini embeddings model initialized
2025-06-08 01:51:33,257 - INFO - MultimodalRetriever - Starting end-to-end query for document_id: 412af627a47bdc7b
2025-06-08 01:51:35,129 - INFO - MultimodalRetriever - Starting retrieval for query: 'Why are birds considered good ...' and document_id: 412af627a47bdc7b
2025-06-08 01:51:35,634 - INFO - ChromaClient - Querying ChromaDB for document_id: 412af627a47bdc7b | top_k=3
2025-06-08 01:51:35,716 - INFO - ChromaClient - Query returned 3 results
2025-06-08 01:51:35,716 - INFO - ChromaClient - Raw result scores before thresholding:
2025-06-08 01:51:35,716 - INFO - ChromaClient - ID: 412af627a47bdc7b_txt_0 | Score: 0.4027 | Preview: WATERSHED ACADEMY WEB                                                                               
2025-06-08 01:51:35,716 - INFO - ChromaClient - ID: 412af627a47bdc7b_txt_1 | Score: 0.3727 | Preview: species  
• Pesticide use that would harm birds or reduce prey  
• Incompatible adjacent land uses  
2025-06-08 01:51:35,717 - ERROR - ChromaClient - Query failed: 'NoneType' object is not subscriptable
2025-06-08 01:51:35,717 - ERROR - MultimodalRetriever - Retrieval failed: 'NoneType' object is not subscriptable
2025-06-08 01:51:35,721 - ERROR - core.exceptions - Retrieval Error: Retrieval failed: 'NoneType' object is not subscriptable
2025-06-08 01:51:35,722 - ERROR - query - RetrievalError: 503: Retrieval failed: 'NoneType' object is not subscriptable
2025-06-08 02:03:04,942 - INFO - multimodal_api - Cleaning up resources before shutdown.
2025-06-08 02:03:18,811 - INFO - multimodal_api - Running app on 0.0.0.0:8000
2025-06-08 02:03:18,952 - INFO - multimodal_api - Starting up Multimodal Document Assistant API...
2025-06-08 02:03:18,952 - INFO - core - Initializing ChromaDB client...
2025-06-08 02:03:18,953 - INFO - ChromaClient - Initializing ChromaClient with collection: multimodal_docs
2025-06-08 02:03:18,983 - INFO - chromadb.telemetry.product.posthog - Anonymized telemetry enabled. See                     https://docs.trychroma.com/telemetry for more information.
2025-06-08 02:03:19,950 - INFO - GeminiEmbeddings - Configuring Gemini embeddings model
2025-06-08 02:03:19,951 - INFO - GeminiEmbeddings - Gemini embeddings model initialized
2025-06-08 02:03:19,960 - INFO - ChromaClient - Chroma collection ready
2025-06-08 02:03:19,960 - INFO - core - Initializing Gemini embeddings...
2025-06-08 02:03:19,960 - INFO - GeminiEmbeddings - Configuring Gemini embeddings model
2025-06-08 02:03:19,960 - INFO - GeminiEmbeddings - Gemini embeddings model initialized
2025-06-08 02:03:19,960 - INFO - core - Core services initialized
2025-06-08 02:03:19,961 - INFO - multimodal_api - Services initialized successfully.
2025-06-08 02:03:26,064 - INFO - query - Received query request: question='Why are birds considered good indicators of watershed health?', document_id='412af627a47bdc7b', top_k=3
2025-06-08 02:03:26,066 - INFO - MultimodalRetriever - Initializing MultimodalRetriever
2025-06-08 02:03:26,066 - INFO - ChromaClient - Initializing ChromaClient with collection: multimodal_docs
2025-06-08 02:03:26,079 - INFO - GeminiEmbeddings - Configuring Gemini embeddings model
2025-06-08 02:03:26,079 - INFO - GeminiEmbeddings - Gemini embeddings model initialized
2025-06-08 02:03:26,091 - INFO - ChromaClient - Chroma collection ready
2025-06-08 02:03:26,092 - INFO - GeminiEmbeddings - Configuring Gemini embeddings model
2025-06-08 02:03:26,092 - INFO - GeminiEmbeddings - Gemini embeddings model initialized
2025-06-08 02:03:28,133 - INFO - MultimodalRetriever - Starting end-to-end query for document_id: 412af627a47bdc7b
2025-06-08 02:03:29,957 - INFO - MultimodalRetriever - Starting retrieval for query: 'Why are birds considered good ...' and document_id: 412af627a47bdc7b
2025-06-08 02:03:30,442 - INFO - ChromaClient - Querying ChromaDB for document_id: 412af627a47bdc7b | top_k=3
2025-06-08 02:03:30,579 - INFO - ChromaClient - Query returned 3 results
2025-06-08 02:03:30,579 - INFO - ChromaClient - Raw result scores before thresholding:
2025-06-08 02:03:30,579 - INFO - ChromaClient - ID: 412af627a47bdc7b_txt_0 | Score: 0.4027 | Preview: WATERSHED ACADEMY WEB                                                                               
2025-06-08 02:03:30,579 - INFO - ChromaClient - ID: 412af627a47bdc7b_txt_1 | Score: 0.3727 | Preview: species  
• Pesticide use that would harm birds or reduce prey  
• Incompatible adjacent land uses  
2025-06-08 02:03:30,579 - ERROR - ChromaClient - Query failed: 'NoneType' object is not subscriptable
2025-06-08 02:03:30,579 - ERROR - MultimodalRetriever - Retrieval failed: 'NoneType' object is not subscriptable
2025-06-08 02:03:30,580 - ERROR - core.exceptions - Retrieval Error: Retrieval failed: 'NoneType' object is not subscriptable
2025-06-08 02:03:30,580 - ERROR - query - RetrievalError: 503: Retrieval failed: 'NoneType' object is not subscriptable
2025-06-08 02:06:16,694 - INFO - multimodal_api - Cleaning up resources before shutdown.
2025-06-08 02:06:24,105 - INFO - multimodal_api - Running app on 0.0.0.0:8000
2025-06-08 02:06:24,158 - INFO - multimodal_api - Starting up Multimodal Document Assistant API...
2025-06-08 02:06:24,158 - INFO - core - Initializing ChromaDB client...
2025-06-08 02:06:24,158 - INFO - ChromaClient - Initializing ChromaClient with collection: multimodal_docs
2025-06-08 02:06:24,194 - INFO - chromadb.telemetry.product.posthog - Anonymized telemetry enabled. See                     https://docs.trychroma.com/telemetry for more information.
2025-06-08 02:06:24,280 - INFO - GeminiEmbeddings - Configuring Gemini embeddings model
2025-06-08 02:06:24,281 - INFO - GeminiEmbeddings - Gemini embeddings model initialized
2025-06-08 02:06:24,289 - INFO - ChromaClient - Chroma collection ready
2025-06-08 02:06:24,291 - INFO - core - Initializing Gemini embeddings...
2025-06-08 02:06:24,291 - INFO - GeminiEmbeddings - Configuring Gemini embeddings model
2025-06-08 02:06:24,291 - INFO - GeminiEmbeddings - Gemini embeddings model initialized
2025-06-08 02:06:24,291 - INFO - core - Core services initialized
2025-06-08 02:06:24,291 - INFO - multimodal_api - Services initialized successfully.
2025-06-08 02:06:29,256 - INFO - query - Received query request: question='Why are birds considered good indicators of watershed health?', document_id='412af627a47bdc7b', top_k=3
2025-06-08 02:06:29,257 - INFO - MultimodalRetriever - Initializing MultimodalRetriever
2025-06-08 02:06:29,257 - INFO - ChromaClient - Initializing ChromaClient with collection: multimodal_docs
2025-06-08 02:06:29,299 - INFO - GeminiEmbeddings - Configuring Gemini embeddings model
2025-06-08 02:06:29,299 - INFO - GeminiEmbeddings - Gemini embeddings model initialized
2025-06-08 02:06:29,314 - INFO - ChromaClient - Chroma collection ready
2025-06-08 02:06:29,314 - INFO - GeminiEmbeddings - Configuring Gemini embeddings model
2025-06-08 02:06:29,315 - INFO - GeminiEmbeddings - Gemini embeddings model initialized
2025-06-08 02:06:31,342 - INFO - MultimodalRetriever - Starting end-to-end query for document_id: 412af627a47bdc7b
2025-06-08 02:06:33,222 - INFO - MultimodalRetriever - Starting retrieval for query: 'Why are birds considered good ...' and document_id: 412af627a47bdc7b
2025-06-08 02:06:33,686 - INFO - ChromaClient - Querying ChromaDB for document_id: 412af627a47bdc7b | top_k=3
2025-06-08 02:06:33,780 - INFO - ChromaClient - Query returned 3 results
2025-06-08 02:06:33,789 - INFO - ChromaClient - Raw result scores before thresholding:
2025-06-08 02:06:33,790 - INFO - ChromaClient - ID: 412af627a47bdc7b_txt_0 | Score: 0.4027 | Preview: WATERSHED ACADEMY WEB                                                                               
2025-06-08 02:06:33,790 - INFO - ChromaClient - ID: 412af627a47bdc7b_txt_1 | Score: 0.3727 | Preview: species  
• Pesticide use that would harm birds or reduce prey  
• Incompatible adjacent land uses  
2025-06-08 02:06:33,790 - ERROR - ChromaClient - Query failed: 'NoneType' object is not subscriptable
2025-06-08 02:06:33,790 - ERROR - MultimodalRetriever - Retrieval failed: 'NoneType' object is not subscriptable
2025-06-08 02:06:33,791 - ERROR - core.exceptions - Retrieval Error: Retrieval failed: 'NoneType' object is not subscriptable
2025-06-08 02:06:33,791 - ERROR - query - RetrievalError: 503: Retrieval failed: 'NoneType' object is not subscriptable
2025-06-08 02:14:07,738 - INFO - multimodal_api - Cleaning up resources before shutdown.
2025-06-08 02:14:14,989 - INFO - multimodal_api - Running app on 0.0.0.0:8000
2025-06-08 02:14:15,044 - INFO - multimodal_api - Starting up Multimodal Document Assistant API...
2025-06-08 02:14:15,044 - INFO - core - Initializing ChromaDB client...
2025-06-08 02:14:15,045 - INFO - ChromaClient - Initializing ChromaClient with collection: multimodal_docs
2025-06-08 02:14:15,073 - INFO - chromadb.telemetry.product.posthog - Anonymized telemetry enabled. See                     https://docs.trychroma.com/telemetry for more information.
2025-06-08 02:14:15,155 - INFO - GeminiEmbeddings - Configuring Gemini embeddings model
2025-06-08 02:14:15,155 - INFO - GeminiEmbeddings - Gemini embeddings model initialized
2025-06-08 02:14:15,165 - INFO - ChromaClient - Chroma collection ready
2025-06-08 02:14:15,165 - INFO - core - Initializing Gemini embeddings...
2025-06-08 02:14:15,165 - INFO - GeminiEmbeddings - Configuring Gemini embeddings model
2025-06-08 02:14:15,165 - INFO - GeminiEmbeddings - Gemini embeddings model initialized
2025-06-08 02:14:15,165 - INFO - core - Core services initialized
2025-06-08 02:14:15,165 - INFO - multimodal_api - Services initialized successfully.
2025-06-08 02:14:20,315 - INFO - query - Received query request: question='Why are birds considered good indicators of watershed health?', document_id='412af627a47bdc7b', top_k=3
2025-06-08 02:14:20,316 - INFO - MultimodalRetriever - Initializing MultimodalRetriever
2025-06-08 02:14:20,316 - INFO - ChromaClient - Initializing ChromaClient with collection: multimodal_docs
2025-06-08 02:14:20,363 - INFO - GeminiEmbeddings - Configuring Gemini embeddings model
2025-06-08 02:14:20,364 - INFO - GeminiEmbeddings - Gemini embeddings model initialized
2025-06-08 02:14:20,381 - INFO - ChromaClient - Chroma collection ready
2025-06-08 02:14:20,381 - INFO - GeminiEmbeddings - Configuring Gemini embeddings model
2025-06-08 02:14:20,382 - INFO - GeminiEmbeddings - Gemini embeddings model initialized
2025-06-08 02:14:22,499 - INFO - MultimodalRetriever - Starting end-to-end query for document_id: 412af627a47bdc7b
2025-06-08 02:14:24,344 - INFO - MultimodalRetriever - Starting retrieval for query: 'Why are birds considered good ...' and document_id: 412af627a47bdc7b
2025-06-08 02:14:24,806 - INFO - ChromaClient - Querying ChromaDB for document_id: 412af627a47bdc7b | top_k=3
2025-06-08 02:14:24,958 - INFO - ChromaClient - Query returned 3 results
2025-06-08 02:14:24,959 - INFO - ChromaClient - Raw result scores before thresholding:
2025-06-08 02:14:24,959 - INFO - ChromaClient - ID: 412af627a47bdc7b_txt_0 | Score: 0.4027 | Preview: WATERSHED ACADEMY WEB                                                                               
2025-06-08 02:14:24,959 - INFO - ChromaClient - ID: 412af627a47bdc7b_txt_1 | Score: 0.3727 | Preview: species  
• Pesticide use that would harm birds or reduce prey  
• Incompatible adjacent land uses  
2025-06-08 02:14:24,960 - INFO - ChromaClient - ID: 412af627a47bdc7b_img_27 | Score: 0.3259 | Preview: [No document text]
2025-06-08 02:14:24,960 - INFO - ChromaClient - 3 results returned without threshold filtering
2025-06-08 02:14:24,963 - ERROR - MultimodalRetriever - Retrieval failed: 1 validation error for DocumentChunk
content
  Input should be a valid string [type=string_type, input_value=None, input_type=NoneType]
    For further information visit https://errors.pydantic.dev/2.11/v/string_type
2025-06-08 02:14:24,964 - ERROR - core.exceptions - Retrieval Error: Retrieval failed: 1 validation error for DocumentChunk
content
  Input should be a valid string [type=string_type, input_value=None, input_type=NoneType]
    For further information visit https://errors.pydantic.dev/2.11/v/string_type
2025-06-08 02:14:24,965 - ERROR - query - RetrievalError: 503: Retrieval failed: 1 validation error for DocumentChunk
content
  Input should be a valid string [type=string_type, input_value=None, input_type=NoneType]
    For further information visit https://errors.pydantic.dev/2.11/v/string_type
2025-06-08 02:20:56,192 - INFO - multimodal_api - Cleaning up resources before shutdown.
2025-06-08 02:21:05,269 - INFO - multimodal_api - Running app on 0.0.0.0:8000
2025-06-08 02:21:05,330 - INFO - multimodal_api - Starting up Multimodal Document Assistant API...
2025-06-08 02:21:05,330 - INFO - core - Initializing ChromaDB client...
2025-06-08 02:21:05,330 - INFO - ChromaClient - Initializing ChromaClient with collection: multimodal_docs
2025-06-08 02:21:05,360 - INFO - chromadb.telemetry.product.posthog - Anonymized telemetry enabled. See                     https://docs.trychroma.com/telemetry for more information.
2025-06-08 02:21:05,522 - INFO - GeminiEmbeddings - Configuring Gemini embeddings model
2025-06-08 02:21:05,523 - INFO - GeminiEmbeddings - Gemini embeddings model initialized
2025-06-08 02:21:05,542 - INFO - ChromaClient - Chroma collection ready
2025-06-08 02:21:05,543 - INFO - core - Initializing Gemini embeddings...
2025-06-08 02:21:05,543 - INFO - GeminiEmbeddings - Configuring Gemini embeddings model
2025-06-08 02:21:05,543 - INFO - GeminiEmbeddings - Gemini embeddings model initialized
2025-06-08 02:21:05,543 - INFO - core - Core services initialized
2025-06-08 02:21:05,544 - INFO - multimodal_api - Services initialized successfully.
2025-06-08 02:21:10,006 - INFO - query - Received query request: question='Why are birds considered good indicators of watershed health?', document_id='412af627a47bdc7b', top_k=3
2025-06-08 02:21:10,006 - INFO - MultimodalRetriever - Initializing MultimodalRetriever
2025-06-08 02:21:10,006 - INFO - ChromaClient - Initializing ChromaClient with collection: multimodal_docs
2025-06-08 02:21:10,022 - INFO - GeminiEmbeddings - Configuring Gemini embeddings model
2025-06-08 02:21:10,022 - INFO - GeminiEmbeddings - Gemini embeddings model initialized
2025-06-08 02:21:10,036 - INFO - ChromaClient - Chroma collection ready
2025-06-08 02:21:10,036 - INFO - GeminiEmbeddings - Configuring Gemini embeddings model
2025-06-08 02:21:10,036 - INFO - GeminiEmbeddings - Gemini embeddings model initialized
2025-06-08 02:21:11,077 - INFO - MultimodalRetriever - Starting end-to-end query for document_id: 412af627a47bdc7b
2025-06-08 02:21:12,958 - INFO - MultimodalRetriever - Starting retrieval for query: 'Why are birds considered good ...' and document_id: 412af627a47bdc7b
2025-06-08 02:21:14,666 - INFO - ChromaClient - Querying ChromaDB for document_id: 412af627a47bdc7b | top_k=3
2025-06-08 02:21:14,839 - INFO - ChromaClient - Query returned 3 results
2025-06-08 02:21:14,845 - INFO - ChromaClient - Raw result scores before thresholding:
2025-06-08 02:21:14,845 - INFO - ChromaClient - ID: 412af627a47bdc7b_txt_0 | Score: 0.4027 | Preview: WATERSHED ACADEMY WEB                                                                               
2025-06-08 02:21:14,845 - INFO - ChromaClient - ID: 412af627a47bdc7b_txt_1 | Score: 0.3727 | Preview: species  
• Pesticide use that would harm birds or reduce prey  
• Incompatible adjacent land uses  
2025-06-08 02:21:14,845 - INFO - ChromaClient - ID: 412af627a47bdc7b_img_30 | Score: 0.3259 | Preview: Here's a caption analyzing the provided image:

**A serene sunset over a calm body of water. The mai
2025-06-08 02:21:14,845 - INFO - ChromaClient - 3 results returned without threshold filtering
2025-06-08 02:21:14,846 - INFO - MultimodalRetriever - Generating response for query: 'Why are birds considered good ...' with 3 context chunks
2025-06-08 02:21:17,836 - INFO - MultimodalRetriever - End-to-end query completed
2025-06-08 02:21:17,837 - INFO - query - Query successful, returning results results
2025-06-08 02:23:00,857 - INFO - query - Received query request: question='What are the three main goals of this module as outlined in the introduction?', document_id='412af627a47bdc7b', top_k=3
2025-06-08 02:23:00,859 - INFO - MultimodalRetriever - Initializing MultimodalRetriever
2025-06-08 02:23:00,859 - INFO - ChromaClient - Initializing ChromaClient with collection: multimodal_docs
2025-06-08 02:23:00,911 - INFO - GeminiEmbeddings - Configuring Gemini embeddings model
2025-06-08 02:23:00,922 - INFO - GeminiEmbeddings - Gemini embeddings model initialized
2025-06-08 02:23:00,964 - INFO - ChromaClient - Chroma collection ready
2025-06-08 02:23:00,964 - INFO - GeminiEmbeddings - Configuring Gemini embeddings model
2025-06-08 02:23:00,964 - INFO - GeminiEmbeddings - Gemini embeddings model initialized
2025-06-08 02:23:03,045 - INFO - query - Corrected query from 'What are the three main goals of this module as outlined in the introduction?' to 'What are the three main goals of this module, as outlined in the introduction?'
2025-06-08 02:23:03,046 - INFO - MultimodalRetriever - Starting end-to-end query for document_id: 412af627a47bdc7b
2025-06-08 02:23:04,905 - INFO - MultimodalRetriever - Starting retrieval for query: 'What are the three main goals ...' and document_id: 412af627a47bdc7b
2025-06-08 02:23:05,426 - INFO - ChromaClient - Querying ChromaDB for document_id: 412af627a47bdc7b | top_k=3
2025-06-08 02:23:05,467 - INFO - ChromaClient - Query returned 3 results
2025-06-08 02:23:05,468 - INFO - ChromaClient - Raw result scores before thresholding:
2025-06-08 02:23:05,468 - INFO - ChromaClient - ID: 412af627a47bdc7b_img_4 | Score: 0.5580 | Preview: Here's a caption analyzing the provided image:

This infographic displays the economic impact of bir
2025-06-08 02:23:05,468 - INFO - ChromaClient - ID: 412af627a47bdc7b_img_10 | Score: 0.5580 | Preview: Here's a caption for the image:

**The image depicts a mass mortality event of Swainson's Hawks in A
2025-06-08 02:23:05,468 - INFO - ChromaClient - ID: 412af627a47bdc7b_img_27 | Score: 0.5580 | Preview: Here's a caption for the image:

**Shoveler at Centennial Wetland Preserve, Idaho.** This tranquil s
2025-06-08 02:23:05,468 - INFO - ChromaClient - 3 results returned without threshold filtering
2025-06-08 02:23:05,471 - INFO - MultimodalRetriever - Generating response for query: 'What are the three main goals ...' with 3 context chunks
2025-06-08 02:23:07,285 - INFO - MultimodalRetriever - End-to-end query completed
2025-06-08 02:23:07,285 - INFO - query - Query successful, returning results results
2025-06-08 02:23:59,999 - INFO - query - Received query request: question='How do birds contribute economically to the U.S., according to the document?', document_id='412af627a47bdc7b', top_k=3
2025-06-08 02:23:59,999 - INFO - MultimodalRetriever - Initializing MultimodalRetriever
2025-06-08 02:23:59,999 - INFO - ChromaClient - Initializing ChromaClient with collection: multimodal_docs
2025-06-08 02:24:00,047 - INFO - GeminiEmbeddings - Configuring Gemini embeddings model
2025-06-08 02:24:00,047 - INFO - GeminiEmbeddings - Gemini embeddings model initialized
2025-06-08 02:24:00,061 - INFO - ChromaClient - Chroma collection ready
2025-06-08 02:24:00,062 - INFO - GeminiEmbeddings - Configuring Gemini embeddings model
2025-06-08 02:24:00,062 - INFO - GeminiEmbeddings - Gemini embeddings model initialized
2025-06-08 02:24:02,080 - INFO - MultimodalRetriever - Starting end-to-end query for document_id: 412af627a47bdc7b
2025-06-08 02:24:03,959 - INFO - MultimodalRetriever - Starting retrieval for query: 'How do birds contribute econom...' and document_id: 412af627a47bdc7b
2025-06-08 02:24:04,481 - INFO - ChromaClient - Querying ChromaDB for document_id: 412af627a47bdc7b | top_k=3
2025-06-08 02:24:04,491 - INFO - ChromaClient - Query returned 3 results
2025-06-08 02:24:04,501 - INFO - ChromaClient - Raw result scores before thresholding:
2025-06-08 02:24:04,502 - INFO - ChromaClient - ID: 412af627a47bdc7b_txt_0 | Score: 0.3642 | Preview: WATERSHED ACADEMY WEB                                                                               
2025-06-08 02:24:04,502 - INFO - ChromaClient - ID: 412af627a47bdc7b_img_8 | Score: 0.3224 | Preview: Here's a caption analyzing the provided image:

This infographic displays the impact of cheatgrass, 
2025-06-08 02:24:04,502 - INFO - ChromaClient - ID: 412af627a47bdc7b_img_10 | Score: 0.3224 | Preview: Here's a caption for the image:

**The image depicts a mass mortality event of Swainson's Hawks in A
2025-06-08 02:24:04,502 - INFO - ChromaClient - 3 results returned without threshold filtering
2025-06-08 02:24:04,503 - INFO - MultimodalRetriever - Generating response for query: 'How do birds contribute econom...' with 3 context chunks
2025-06-08 02:24:07,374 - INFO - MultimodalRetriever - End-to-end query completed
2025-06-08 02:24:07,375 - INFO - query - Query successful, returning results results
2025-06-08 02:24:55,819 - INFO - query - Received query request: question='List three natural agents of change that can impact watersheds and bird habitats.', document_id='412af627a47bdc7b', top_k=3
2025-06-08 02:24:55,820 - INFO - MultimodalRetriever - Initializing MultimodalRetriever
2025-06-08 02:24:55,820 - INFO - ChromaClient - Initializing ChromaClient with collection: multimodal_docs
2025-06-08 02:24:55,842 - INFO - GeminiEmbeddings - Configuring Gemini embeddings model
2025-06-08 02:24:55,842 - INFO - GeminiEmbeddings - Gemini embeddings model initialized
2025-06-08 02:24:55,853 - INFO - ChromaClient - Chroma collection ready
2025-06-08 02:24:55,853 - INFO - GeminiEmbeddings - Configuring Gemini embeddings model
2025-06-08 02:24:55,854 - INFO - GeminiEmbeddings - Gemini embeddings model initialized
2025-06-08 02:24:57,809 - INFO - MultimodalRetriever - Starting end-to-end query for document_id: 412af627a47bdc7b
2025-06-08 02:24:59,808 - INFO - MultimodalRetriever - Starting retrieval for query: 'List three natural agents of c...' and document_id: 412af627a47bdc7b
2025-06-08 02:25:00,294 - INFO - ChromaClient - Querying ChromaDB for document_id: 412af627a47bdc7b | top_k=3
2025-06-08 02:25:00,297 - INFO - ChromaClient - Query returned 3 results
2025-06-08 02:25:00,299 - INFO - ChromaClient - Raw result scores before thresholding:
2025-06-08 02:25:00,299 - INFO - ChromaClient - ID: 412af627a47bdc7b_img_4 | Score: 0.4383 | Preview: Here's a caption analyzing the provided image:

This infographic displays the economic impact of bir
2025-06-08 02:25:00,299 - INFO - ChromaClient - ID: 412af627a47bdc7b_img_10 | Score: 0.4383 | Preview: Here's a caption for the image:

**The image depicts a mass mortality event of Swainson's Hawks in A
2025-06-08 02:25:00,300 - INFO - ChromaClient - ID: 412af627a47bdc7b_img_27 | Score: 0.4383 | Preview: Here's a caption for the image:

**Shoveler at Centennial Wetland Preserve, Idaho.** This tranquil s
2025-06-08 02:25:00,300 - INFO - ChromaClient - 3 results returned without threshold filtering
2025-06-08 02:25:00,300 - INFO - MultimodalRetriever - Generating response for query: 'List three natural agents of c...' with 3 context chunks
2025-06-08 02:25:03,086 - INFO - MultimodalRetriever - Starting retrieval for query: 'List three natural agents of c...' and document_id: 412af627a47bdc7b
2025-06-08 02:25:03,626 - INFO - ChromaClient - Querying ChromaDB for document_id: 412af627a47bdc7b | top_k=3
2025-06-08 02:25:03,631 - INFO - ChromaClient - Query returned 3 results
2025-06-08 02:25:03,632 - INFO - ChromaClient - Raw result scores before thresholding:
2025-06-08 02:25:03,632 - INFO - ChromaClient - ID: 412af627a47bdc7b_img_4 | Score: 0.4088 | Preview: Here's a caption analyzing the provided image:

This infographic displays the economic impact of bir
2025-06-08 02:25:03,633 - INFO - ChromaClient - ID: 412af627a47bdc7b_img_10 | Score: 0.4088 | Preview: Here's a caption for the image:

**The image depicts a mass mortality event of Swainson's Hawks in A
2025-06-08 02:25:03,633 - INFO - ChromaClient - ID: 412af627a47bdc7b_img_27 | Score: 0.4088 | Preview: Here's a caption for the image:

**Shoveler at Centennial Wetland Preserve, Idaho.** This tranquil s
2025-06-08 02:25:03,633 - INFO - ChromaClient - 3 results returned without threshold filtering
2025-06-08 02:25:03,633 - INFO - MultimodalRetriever - Generating response for query: 'List three natural agents of c...' with 3 context chunks
2025-06-08 02:25:06,723 - INFO - MultimodalRetriever - End-to-end query completed
2025-06-08 02:25:06,723 - INFO - query - Query successful, returning results results
2025-06-08 02:25:44,491 - INFO - query - Received query request: question='What are some human-made agents of change that negatively affect bird populations?', document_id='412af627a47bdc7b', top_k=3
2025-06-08 02:25:44,491 - INFO - MultimodalRetriever - Initializing MultimodalRetriever
2025-06-08 02:25:44,491 - INFO - ChromaClient - Initializing ChromaClient with collection: multimodal_docs
2025-06-08 02:25:44,512 - INFO - GeminiEmbeddings - Configuring Gemini embeddings model
2025-06-08 02:25:44,514 - INFO - GeminiEmbeddings - Gemini embeddings model initialized
2025-06-08 02:25:44,529 - INFO - ChromaClient - Chroma collection ready
2025-06-08 02:25:44,530 - INFO - GeminiEmbeddings - Configuring Gemini embeddings model
2025-06-08 02:25:44,530 - INFO - GeminiEmbeddings - Gemini embeddings model initialized
2025-06-08 02:25:46,510 - INFO - MultimodalRetriever - Starting end-to-end query for document_id: 412af627a47bdc7b
2025-06-08 02:25:48,411 - INFO - MultimodalRetriever - Starting retrieval for query: 'What are some human-made agent...' and document_id: 412af627a47bdc7b
2025-06-08 02:25:48,872 - INFO - ChromaClient - Querying ChromaDB for document_id: 412af627a47bdc7b | top_k=3
2025-06-08 02:25:48,887 - INFO - ChromaClient - Query returned 3 results
2025-06-08 02:25:48,892 - INFO - ChromaClient - Raw result scores before thresholding:
2025-06-08 02:25:48,892 - INFO - ChromaClient - ID: 412af627a47bdc7b_txt_0 | Score: 0.3599 | Preview: WATERSHED ACADEMY WEB                                                                               
2025-06-08 02:25:48,893 - INFO - ChromaClient - ID: 412af627a47bdc7b_img_8 | Score: 0.2797 | Preview: Here's a caption analyzing the provided image:

This infographic displays the impact of cheatgrass, 
2025-06-08 02:25:48,893 - INFO - ChromaClient - ID: 412af627a47bdc7b_img_10 | Score: 0.2797 | Preview: Here's a caption for the image:

**The image depicts a mass mortality event of Swainson's Hawks in A
2025-06-08 02:25:48,893 - INFO - ChromaClient - 3 results returned without threshold filtering
2025-06-08 02:25:48,894 - INFO - MultimodalRetriever - Generating response for query: 'What are some human-made agent...' with 3 context chunks
2025-06-08 02:25:53,019 - INFO - MultimodalRetriever - End-to-end query completed
2025-06-08 02:25:53,019 - INFO - query - Query successful, returning results results
2025-06-08 02:26:40,974 - INFO - query - Received query request: question='How did the restoration of Kenilworth Marsh in Washington, D.C., benefit bird species like the Marsh Wren?', document_id='412af627a47bdc7b', top_k=3
2025-06-08 02:26:40,976 - INFO - MultimodalRetriever - Initializing MultimodalRetriever
2025-06-08 02:26:40,976 - INFO - ChromaClient - Initializing ChromaClient with collection: multimodal_docs
2025-06-08 02:26:40,996 - INFO - GeminiEmbeddings - Configuring Gemini embeddings model
2025-06-08 02:26:40,996 - INFO - GeminiEmbeddings - Gemini embeddings model initialized
2025-06-08 02:26:41,010 - INFO - ChromaClient - Chroma collection ready
2025-06-08 02:26:41,011 - INFO - GeminiEmbeddings - Configuring Gemini embeddings model
2025-06-08 02:26:41,011 - INFO - GeminiEmbeddings - Gemini embeddings model initialized
2025-06-08 02:26:43,068 - INFO - query - Corrected query from 'How did the restoration of Kenilworth Marsh in Washington, D.C., benefit bird species like the Marsh Wren?' to 'How did the restoration of Kenilworth Marsh in Washington, D.C., benefit bird species such as the marsh wren?'
2025-06-08 02:26:43,068 - INFO - MultimodalRetriever - Starting end-to-end query for document_id: 412af627a47bdc7b
2025-06-08 02:26:44,998 - INFO - MultimodalRetriever - Starting retrieval for query: 'How did the Kenilworth Marsh r...' and document_id: 412af627a47bdc7b
2025-06-08 02:26:45,496 - INFO - ChromaClient - Querying ChromaDB for document_id: 412af627a47bdc7b | top_k=3
2025-06-08 02:26:45,502 - INFO - ChromaClient - Query returned 3 results
2025-06-08 02:26:45,503 - INFO - ChromaClient - Raw result scores before thresholding:
2025-06-08 02:26:45,503 - INFO - ChromaClient - ID: 412af627a47bdc7b_img_4 | Score: 0.3117 | Preview: Here's a caption analyzing the provided image:

This infographic displays the economic impact of bir
2025-06-08 02:26:45,503 - INFO - ChromaClient - ID: 412af627a47bdc7b_img_10 | Score: 0.3117 | Preview: Here's a caption for the image:

**The image depicts a mass mortality event of Swainson's Hawks in A
2025-06-08 02:26:45,503 - INFO - ChromaClient - ID: 412af627a47bdc7b_img_27 | Score: 0.3117 | Preview: Here's a caption for the image:

**Shoveler at Centennial Wetland Preserve, Idaho.** This tranquil s
2025-06-08 02:26:45,505 - INFO - ChromaClient - 3 results returned without threshold filtering
2025-06-08 02:26:45,505 - INFO - MultimodalRetriever - Generating response for query: 'How did the Kenilworth Marsh r...' with 3 context chunks
2025-06-08 02:26:47,445 - INFO - MultimodalRetriever - Starting retrieval for query: 'What specific benefits did the...' and document_id: 412af627a47bdc7b
2025-06-08 02:26:47,898 - INFO - ChromaClient - Querying ChromaDB for document_id: 412af627a47bdc7b | top_k=3
2025-06-08 02:26:47,913 - INFO - ChromaClient - Query returned 3 results
2025-06-08 02:26:47,913 - INFO - ChromaClient - Raw result scores before thresholding:
2025-06-08 02:26:47,914 - INFO - ChromaClient - ID: 412af627a47bdc7b_img_4 | Score: 0.3643 | Preview: Here's a caption analyzing the provided image:

This infographic displays the economic impact of bir
2025-06-08 02:26:47,914 - INFO - ChromaClient - ID: 412af627a47bdc7b_img_10 | Score: 0.3643 | Preview: Here's a caption for the image:

**The image depicts a mass mortality event of Swainson's Hawks in A
2025-06-08 02:26:47,914 - INFO - ChromaClient - ID: 412af627a47bdc7b_img_27 | Score: 0.3643 | Preview: Here's a caption for the image:

**Shoveler at Centennial Wetland Preserve, Idaho.** This tranquil s
2025-06-08 02:26:47,914 - INFO - ChromaClient - 3 results returned without threshold filtering
2025-06-08 02:26:47,915 - INFO - MultimodalRetriever - Generating response for query: 'What specific benefits did the...' with 3 context chunks
2025-06-08 02:26:49,690 - INFO - MultimodalRetriever - End-to-end query completed
2025-06-08 02:26:49,691 - INFO - query - Query successful, returning results results
2025-06-08 02:27:21,189 - INFO - query - Received query request: question='How can land managers use resources like the Partners in Flight (PIF) Bird Conservation Plans or the Breeding Bird Survey (BBS)?', document_id='412af627a47bdc7b', top_k=3
2025-06-08 02:27:21,189 - INFO - MultimodalRetriever - Initializing MultimodalRetriever
2025-06-08 02:27:21,190 - INFO - ChromaClient - Initializing ChromaClient with collection: multimodal_docs
2025-06-08 02:27:21,211 - INFO - GeminiEmbeddings - Configuring Gemini embeddings model
2025-06-08 02:27:21,211 - INFO - GeminiEmbeddings - Gemini embeddings model initialized
2025-06-08 02:27:21,238 - INFO - ChromaClient - Chroma collection ready
2025-06-08 02:27:21,238 - INFO - GeminiEmbeddings - Configuring Gemini embeddings model
2025-06-08 02:27:21,238 - INFO - GeminiEmbeddings - Gemini embeddings model initialized
2025-06-08 02:27:23,313 - INFO - query - Corrected query from 'How can land managers use resources like the Partners in Flight (PIF) Bird Conservation Plans or the Breeding Bird Survey (BBS)?' to 'How can land managers utilize resources such as the Partners in Flight (PIF) Bird Conservation Plans and the Breeding Bird Survey (BBS)?'
2025-06-08 02:27:23,313 - INFO - MultimodalRetriever - Starting end-to-end query for document_id: 412af627a47bdc7b
2025-06-08 02:27:25,309 - INFO - MultimodalRetriever - Starting retrieval for query: 'How can land managers utilize ...' and document_id: 412af627a47bdc7b
2025-06-08 02:27:25,741 - INFO - ChromaClient - Querying ChromaDB for document_id: 412af627a47bdc7b | top_k=3
2025-06-08 02:27:25,750 - INFO - ChromaClient - Query returned 3 results
2025-06-08 02:27:25,750 - INFO - ChromaClient - Raw result scores before thresholding:
2025-06-08 02:27:25,751 - INFO - ChromaClient - ID: 412af627a47bdc7b_img_4 | Score: 0.4963 | Preview: Here's a caption analyzing the provided image:

This infographic displays the economic impact of bir
2025-06-08 02:27:25,751 - INFO - ChromaClient - ID: 412af627a47bdc7b_img_10 | Score: 0.4963 | Preview: Here's a caption for the image:

**The image depicts a mass mortality event of Swainson's Hawks in A
2025-06-08 02:27:25,751 - INFO - ChromaClient - ID: 412af627a47bdc7b_img_27 | Score: 0.4963 | Preview: Here's a caption for the image:

**Shoveler at Centennial Wetland Preserve, Idaho.** This tranquil s
2025-06-08 02:27:25,751 - INFO - ChromaClient - 3 results returned without threshold filtering
2025-06-08 02:27:25,752 - INFO - MultimodalRetriever - Generating response for query: 'How can land managers utilize ...' with 3 context chunks
2025-06-08 02:27:27,786 - INFO - MultimodalRetriever - Starting retrieval for query: 'How can land managers utilize ...' and document_id: 412af627a47bdc7b
2025-06-08 02:27:28,224 - INFO - ChromaClient - Querying ChromaDB for document_id: 412af627a47bdc7b | top_k=3
2025-06-08 02:27:28,229 - INFO - ChromaClient - Query returned 3 results
2025-06-08 02:27:28,233 - INFO - ChromaClient - Raw result scores before thresholding:
2025-06-08 02:27:28,234 - INFO - ChromaClient - ID: 412af627a47bdc7b_txt_1 | Score: 0.4838 | Preview: species  
• Pesticide use that would harm birds or reduce prey  
• Incompatible adjacent land uses  
2025-06-08 02:27:28,234 - INFO - ChromaClient - ID: 412af627a47bdc7b_img_8 | Score: 0.4150 | Preview: Here's a caption analyzing the provided image:

This infographic displays the impact of cheatgrass, 
2025-06-08 02:27:28,235 - INFO - ChromaClient - ID: 412af627a47bdc7b_img_10 | Score: 0.4150 | Preview: Here's a caption for the image:

**The image depicts a mass mortality event of Swainson's Hawks in A
2025-06-08 02:27:28,235 - INFO - ChromaClient - 3 results returned without threshold filtering
2025-06-08 02:27:28,235 - INFO - MultimodalRetriever - Generating response for query: 'How can land managers utilize ...' with 3 context chunks
2025-06-08 02:27:32,100 - INFO - MultimodalRetriever - End-to-end query completed
2025-06-08 02:27:32,100 - INFO - query - Query successful, returning results results
2025-06-08 02:33:04,486 - INFO - upload - Upload request received: filename=Global-Warming-Potential-Values (August 2024).pdf, document_id=None
2025-06-08 02:33:04,500 - INFO - upload - Using document ID: 5f0bbd46600e0b27
2025-06-08 02:33:04,500 - INFO - ChromaClient - Initializing ChromaClient with collection: multimodal_docs
2025-06-08 02:33:04,548 - INFO - GeminiEmbeddings - Configuring Gemini embeddings model
2025-06-08 02:33:04,556 - INFO - GeminiEmbeddings - Gemini embeddings model initialized
2025-06-08 02:33:04,594 - INFO - ChromaClient - Chroma collection ready
2025-06-08 02:33:04,634 - INFO - upload - Saved uploaded file to temp path: C:\Users\anush\AppData\Local\Temp\tmpu293qw2c.pdf
2025-06-08 02:33:04,687 - INFO - GeminiMultimodalProcessor - Configuring Gemini API and model
2025-06-08 02:33:04,688 - INFO - GeminiMultimodalProcessor - GeminiMultimodalProcessor initialized
2025-06-08 02:33:04,691 - INFO - PDFProcessor - Starting full processing of PDF file: C:\Users\anush\AppData\Local\Temp\tmpu293qw2c.pdf
2025-06-08 02:33:07,042 - INFO - PDFProcessor - Extracted text length: 19840 characters.
2025-06-08 02:33:07,055 - WARNING - pdfminer.pdfpage - CropBox missing from /Page, defaulting to MediaBox
2025-06-08 02:33:07,056 - WARNING - pdfminer.pdfpage - CropBox missing from /Page, defaulting to MediaBox
2025-06-08 02:33:07,058 - WARNING - pdfminer.pdfpage - CropBox missing from /Page, defaulting to MediaBox
2025-06-08 02:33:07,059 - WARNING - pdfminer.pdfpage - CropBox missing from /Page, defaulting to MediaBox
2025-06-08 02:33:07,060 - WARNING - pdfminer.pdfpage - CropBox missing from /Page, defaulting to MediaBox
2025-06-08 02:33:07,062 - WARNING - pdfminer.pdfpage - CropBox missing from /Page, defaulting to MediaBox
2025-06-08 02:33:07,063 - WARNING - pdfminer.pdfpage - CropBox missing from /Page, defaulting to MediaBox
2025-06-08 02:33:07,064 - WARNING - pdfminer.pdfpage - CropBox missing from /Page, defaulting to MediaBox
2025-06-08 02:33:07,065 - WARNING - pdfminer.pdfpage - CropBox missing from /Page, defaulting to MediaBox
2025-06-08 02:33:07,066 - WARNING - pdfminer.pdfpage - CropBox missing from /Page, defaulting to MediaBox
2025-06-08 02:33:07,460 - ERROR - PDFProcessor - Table caption generation failed on page 1, table 1: Missing optional dependency 'tabulate'.  Use pip or conda to install tabulate.
Traceback (most recent call last):
  File "C:\Users\anush\Desktop\python_project\Knowledge_Assisstance_Usecase\backend\myenv\lib\site-packages\pandas\compat\_optional.py", line 135, in import_optional_dependency
    module = importlib.import_module(name)
  File "C:\Users\anush\AppData\Local\Programs\Python\Python310\lib\importlib\__init__.py", line 126, in import_module
    return _bootstrap._gcd_import(name[level:], package, level)
  File "<frozen importlib._bootstrap>", line 1050, in _gcd_import
  File "<frozen importlib._bootstrap>", line 1027, in _find_and_load
  File "<frozen importlib._bootstrap>", line 1004, in _find_and_load_unlocked
ModuleNotFoundError: No module named 'tabulate'

During handling of the above exception, another exception occurred:

Traceback (most recent call last):
  File "C:\Users\anush\Desktop\python_project\Knowledge_Assisstance_Usecase\backend\multimodel\processing\pdf.py", line 366, in extract_tables
    caption = self.captioner.describe_table(df.to_markdown())
  File "C:\Users\anush\Desktop\python_project\Knowledge_Assisstance_Usecase\backend\myenv\lib\site-packages\pandas\util\_decorators.py", line 333, in wrapper
    return func(*args, **kwargs)
  File "C:\Users\anush\Desktop\python_project\Knowledge_Assisstance_Usecase\backend\myenv\lib\site-packages\pandas\core\frame.py", line 2983, in to_markdown
    tabulate = import_optional_dependency("tabulate")
  File "C:\Users\anush\Desktop\python_project\Knowledge_Assisstance_Usecase\backend\myenv\lib\site-packages\pandas\compat\_optional.py", line 138, in import_optional_dependency
    raise ImportError(msg)
ImportError: Missing optional dependency 'tabulate'.  Use pip or conda to install tabulate.
2025-06-08 02:33:07,568 - ERROR - PDFProcessor - Table caption generation failed on page 1, table 2: Missing optional dependency 'tabulate'.  Use pip or conda to install tabulate.
Traceback (most recent call last):
  File "C:\Users\anush\Desktop\python_project\Knowledge_Assisstance_Usecase\backend\myenv\lib\site-packages\pandas\compat\_optional.py", line 135, in import_optional_dependency
    module = importlib.import_module(name)
  File "C:\Users\anush\AppData\Local\Programs\Python\Python310\lib\importlib\__init__.py", line 126, in import_module
    return _bootstrap._gcd_import(name[level:], package, level)
  File "<frozen importlib._bootstrap>", line 1050, in _gcd_import
  File "<frozen importlib._bootstrap>", line 1027, in _find_and_load
  File "<frozen importlib._bootstrap>", line 1004, in _find_and_load_unlocked
ModuleNotFoundError: No module named 'tabulate'

During handling of the above exception, another exception occurred:

Traceback (most recent call last):
  File "C:\Users\anush\Desktop\python_project\Knowledge_Assisstance_Usecase\backend\multimodel\processing\pdf.py", line 366, in extract_tables
    caption = self.captioner.describe_table(df.to_markdown())
  File "C:\Users\anush\Desktop\python_project\Knowledge_Assisstance_Usecase\backend\myenv\lib\site-packages\pandas\util\_decorators.py", line 333, in wrapper
    return func(*args, **kwargs)
  File "C:\Users\anush\Desktop\python_project\Knowledge_Assisstance_Usecase\backend\myenv\lib\site-packages\pandas\core\frame.py", line 2983, in to_markdown
    tabulate = import_optional_dependency("tabulate")
  File "C:\Users\anush\Desktop\python_project\Knowledge_Assisstance_Usecase\backend\myenv\lib\site-packages\pandas\compat\_optional.py", line 138, in import_optional_dependency
    raise ImportError(msg)
ImportError: Missing optional dependency 'tabulate'.  Use pip or conda to install tabulate.
2025-06-08 02:33:08,392 - ERROR - PDFProcessor - Table caption generation failed on page 2, table 1: Missing optional dependency 'tabulate'.  Use pip or conda to install tabulate.
Traceback (most recent call last):
  File "C:\Users\anush\Desktop\python_project\Knowledge_Assisstance_Usecase\backend\myenv\lib\site-packages\pandas\compat\_optional.py", line 135, in import_optional_dependency
    module = importlib.import_module(name)
  File "C:\Users\anush\AppData\Local\Programs\Python\Python310\lib\importlib\__init__.py", line 126, in import_module
    return _bootstrap._gcd_import(name[level:], package, level)
  File "<frozen importlib._bootstrap>", line 1050, in _gcd_import
  File "<frozen importlib._bootstrap>", line 1027, in _find_and_load
  File "<frozen importlib._bootstrap>", line 1004, in _find_and_load_unlocked
ModuleNotFoundError: No module named 'tabulate'

During handling of the above exception, another exception occurred:

Traceback (most recent call last):
  File "C:\Users\anush\Desktop\python_project\Knowledge_Assisstance_Usecase\backend\multimodel\processing\pdf.py", line 366, in extract_tables
    caption = self.captioner.describe_table(df.to_markdown())
  File "C:\Users\anush\Desktop\python_project\Knowledge_Assisstance_Usecase\backend\myenv\lib\site-packages\pandas\util\_decorators.py", line 333, in wrapper
    return func(*args, **kwargs)
  File "C:\Users\anush\Desktop\python_project\Knowledge_Assisstance_Usecase\backend\myenv\lib\site-packages\pandas\core\frame.py", line 2983, in to_markdown
    tabulate = import_optional_dependency("tabulate")
  File "C:\Users\anush\Desktop\python_project\Knowledge_Assisstance_Usecase\backend\myenv\lib\site-packages\pandas\compat\_optional.py", line 138, in import_optional_dependency
    raise ImportError(msg)
ImportError: Missing optional dependency 'tabulate'.  Use pip or conda to install tabulate.
2025-06-08 02:33:08,395 - ERROR - PDFProcessor - Table caption generation failed on page 2, table 2: Missing optional dependency 'tabulate'.  Use pip or conda to install tabulate.
Traceback (most recent call last):
  File "C:\Users\anush\Desktop\python_project\Knowledge_Assisstance_Usecase\backend\myenv\lib\site-packages\pandas\compat\_optional.py", line 135, in import_optional_dependency
    module = importlib.import_module(name)
  File "C:\Users\anush\AppData\Local\Programs\Python\Python310\lib\importlib\__init__.py", line 126, in import_module
    return _bootstrap._gcd_import(name[level:], package, level)
  File "<frozen importlib._bootstrap>", line 1050, in _gcd_import
  File "<frozen importlib._bootstrap>", line 1027, in _find_and_load
  File "<frozen importlib._bootstrap>", line 1004, in _find_and_load_unlocked
ModuleNotFoundError: No module named 'tabulate'

During handling of the above exception, another exception occurred:

Traceback (most recent call last):
  File "C:\Users\anush\Desktop\python_project\Knowledge_Assisstance_Usecase\backend\multimodel\processing\pdf.py", line 366, in extract_tables
    caption = self.captioner.describe_table(df.to_markdown())
  File "C:\Users\anush\Desktop\python_project\Knowledge_Assisstance_Usecase\backend\myenv\lib\site-packages\pandas\util\_decorators.py", line 333, in wrapper
    return func(*args, **kwargs)
  File "C:\Users\anush\Desktop\python_project\Knowledge_Assisstance_Usecase\backend\myenv\lib\site-packages\pandas\core\frame.py", line 2983, in to_markdown
    tabulate = import_optional_dependency("tabulate")
  File "C:\Users\anush\Desktop\python_project\Knowledge_Assisstance_Usecase\backend\myenv\lib\site-packages\pandas\compat\_optional.py", line 138, in import_optional_dependency
    raise ImportError(msg)
ImportError: Missing optional dependency 'tabulate'.  Use pip or conda to install tabulate.
2025-06-08 02:33:08,397 - ERROR - PDFProcessor - Table caption generation failed on page 2, table 3: Missing optional dependency 'tabulate'.  Use pip or conda to install tabulate.
Traceback (most recent call last):
  File "C:\Users\anush\Desktop\python_project\Knowledge_Assisstance_Usecase\backend\myenv\lib\site-packages\pandas\compat\_optional.py", line 135, in import_optional_dependency
    module = importlib.import_module(name)
  File "C:\Users\anush\AppData\Local\Programs\Python\Python310\lib\importlib\__init__.py", line 126, in import_module
    return _bootstrap._gcd_import(name[level:], package, level)
  File "<frozen importlib._bootstrap>", line 1050, in _gcd_import
  File "<frozen importlib._bootstrap>", line 1027, in _find_and_load
  File "<frozen importlib._bootstrap>", line 1004, in _find_and_load_unlocked
ModuleNotFoundError: No module named 'tabulate'

During handling of the above exception, another exception occurred:

Traceback (most recent call last):
  File "C:\Users\anush\Desktop\python_project\Knowledge_Assisstance_Usecase\backend\multimodel\processing\pdf.py", line 366, in extract_tables
    caption = self.captioner.describe_table(df.to_markdown())
  File "C:\Users\anush\Desktop\python_project\Knowledge_Assisstance_Usecase\backend\myenv\lib\site-packages\pandas\util\_decorators.py", line 333, in wrapper
    return func(*args, **kwargs)
  File "C:\Users\anush\Desktop\python_project\Knowledge_Assisstance_Usecase\backend\myenv\lib\site-packages\pandas\core\frame.py", line 2983, in to_markdown
    tabulate = import_optional_dependency("tabulate")
  File "C:\Users\anush\Desktop\python_project\Knowledge_Assisstance_Usecase\backend\myenv\lib\site-packages\pandas\compat\_optional.py", line 138, in import_optional_dependency
    raise ImportError(msg)
ImportError: Missing optional dependency 'tabulate'.  Use pip or conda to install tabulate.
2025-06-08 02:33:08,398 - ERROR - PDFProcessor - Table caption generation failed on page 2, table 4: Missing optional dependency 'tabulate'.  Use pip or conda to install tabulate.
Traceback (most recent call last):
  File "C:\Users\anush\Desktop\python_project\Knowledge_Assisstance_Usecase\backend\myenv\lib\site-packages\pandas\compat\_optional.py", line 135, in import_optional_dependency
    module = importlib.import_module(name)
  File "C:\Users\anush\AppData\Local\Programs\Python\Python310\lib\importlib\__init__.py", line 126, in import_module
    return _bootstrap._gcd_import(name[level:], package, level)
  File "<frozen importlib._bootstrap>", line 1050, in _gcd_import
  File "<frozen importlib._bootstrap>", line 1027, in _find_and_load
  File "<frozen importlib._bootstrap>", line 1004, in _find_and_load_unlocked
ModuleNotFoundError: No module named 'tabulate'

During handling of the above exception, another exception occurred:

Traceback (most recent call last):
  File "C:\Users\anush\Desktop\python_project\Knowledge_Assisstance_Usecase\backend\multimodel\processing\pdf.py", line 366, in extract_tables
    caption = self.captioner.describe_table(df.to_markdown())
  File "C:\Users\anush\Desktop\python_project\Knowledge_Assisstance_Usecase\backend\myenv\lib\site-packages\pandas\util\_decorators.py", line 333, in wrapper
    return func(*args, **kwargs)
  File "C:\Users\anush\Desktop\python_project\Knowledge_Assisstance_Usecase\backend\myenv\lib\site-packages\pandas\core\frame.py", line 2983, in to_markdown
    tabulate = import_optional_dependency("tabulate")
  File "C:\Users\anush\Desktop\python_project\Knowledge_Assisstance_Usecase\backend\myenv\lib\site-packages\pandas\compat\_optional.py", line 138, in import_optional_dependency
    raise ImportError(msg)
ImportError: Missing optional dependency 'tabulate'.  Use pip or conda to install tabulate.
2025-06-08 02:33:09,034 - ERROR - PDFProcessor - Table caption generation failed on page 3, table 1: Missing optional dependency 'tabulate'.  Use pip or conda to install tabulate.
Traceback (most recent call last):
  File "C:\Users\anush\Desktop\python_project\Knowledge_Assisstance_Usecase\backend\myenv\lib\site-packages\pandas\compat\_optional.py", line 135, in import_optional_dependency
    module = importlib.import_module(name)
  File "C:\Users\anush\AppData\Local\Programs\Python\Python310\lib\importlib\__init__.py", line 126, in import_module
    return _bootstrap._gcd_import(name[level:], package, level)
  File "<frozen importlib._bootstrap>", line 1050, in _gcd_import
  File "<frozen importlib._bootstrap>", line 1027, in _find_and_load
  File "<frozen importlib._bootstrap>", line 1004, in _find_and_load_unlocked
ModuleNotFoundError: No module named 'tabulate'

During handling of the above exception, another exception occurred:

Traceback (most recent call last):
  File "C:\Users\anush\Desktop\python_project\Knowledge_Assisstance_Usecase\backend\multimodel\processing\pdf.py", line 366, in extract_tables
    caption = self.captioner.describe_table(df.to_markdown())
  File "C:\Users\anush\Desktop\python_project\Knowledge_Assisstance_Usecase\backend\myenv\lib\site-packages\pandas\util\_decorators.py", line 333, in wrapper
    return func(*args, **kwargs)
  File "C:\Users\anush\Desktop\python_project\Knowledge_Assisstance_Usecase\backend\myenv\lib\site-packages\pandas\core\frame.py", line 2983, in to_markdown
    tabulate = import_optional_dependency("tabulate")
  File "C:\Users\anush\Desktop\python_project\Knowledge_Assisstance_Usecase\backend\myenv\lib\site-packages\pandas\compat\_optional.py", line 138, in import_optional_dependency
    raise ImportError(msg)
ImportError: Missing optional dependency 'tabulate'.  Use pip or conda to install tabulate.
2025-06-08 02:33:09,035 - ERROR - PDFProcessor - Table caption generation failed on page 3, table 2: Missing optional dependency 'tabulate'.  Use pip or conda to install tabulate.
Traceback (most recent call last):
  File "C:\Users\anush\Desktop\python_project\Knowledge_Assisstance_Usecase\backend\myenv\lib\site-packages\pandas\compat\_optional.py", line 135, in import_optional_dependency
    module = importlib.import_module(name)
  File "C:\Users\anush\AppData\Local\Programs\Python\Python310\lib\importlib\__init__.py", line 126, in import_module
    return _bootstrap._gcd_import(name[level:], package, level)
  File "<frozen importlib._bootstrap>", line 1050, in _gcd_import
  File "<frozen importlib._bootstrap>", line 1027, in _find_and_load
  File "<frozen importlib._bootstrap>", line 1004, in _find_and_load_unlocked
ModuleNotFoundError: No module named 'tabulate'

During handling of the above exception, another exception occurred:

Traceback (most recent call last):
  File "C:\Users\anush\Desktop\python_project\Knowledge_Assisstance_Usecase\backend\multimodel\processing\pdf.py", line 366, in extract_tables
    caption = self.captioner.describe_table(df.to_markdown())
  File "C:\Users\anush\Desktop\python_project\Knowledge_Assisstance_Usecase\backend\myenv\lib\site-packages\pandas\util\_decorators.py", line 333, in wrapper
    return func(*args, **kwargs)
  File "C:\Users\anush\Desktop\python_project\Knowledge_Assisstance_Usecase\backend\myenv\lib\site-packages\pandas\core\frame.py", line 2983, in to_markdown
    tabulate = import_optional_dependency("tabulate")
  File "C:\Users\anush\Desktop\python_project\Knowledge_Assisstance_Usecase\backend\myenv\lib\site-packages\pandas\compat\_optional.py", line 138, in import_optional_dependency
    raise ImportError(msg)
ImportError: Missing optional dependency 'tabulate'.  Use pip or conda to install tabulate.
2025-06-08 02:33:09,039 - ERROR - PDFProcessor - Table caption generation failed on page 3, table 3: Missing optional dependency 'tabulate'.  Use pip or conda to install tabulate.
Traceback (most recent call last):
  File "C:\Users\anush\Desktop\python_project\Knowledge_Assisstance_Usecase\backend\myenv\lib\site-packages\pandas\compat\_optional.py", line 135, in import_optional_dependency
    module = importlib.import_module(name)
  File "C:\Users\anush\AppData\Local\Programs\Python\Python310\lib\importlib\__init__.py", line 126, in import_module
    return _bootstrap._gcd_import(name[level:], package, level)
  File "<frozen importlib._bootstrap>", line 1050, in _gcd_import
  File "<frozen importlib._bootstrap>", line 1027, in _find_and_load
  File "<frozen importlib._bootstrap>", line 1004, in _find_and_load_unlocked
ModuleNotFoundError: No module named 'tabulate'

During handling of the above exception, another exception occurred:

Traceback (most recent call last):
  File "C:\Users\anush\Desktop\python_project\Knowledge_Assisstance_Usecase\backend\multimodel\processing\pdf.py", line 366, in extract_tables
    caption = self.captioner.describe_table(df.to_markdown())
  File "C:\Users\anush\Desktop\python_project\Knowledge_Assisstance_Usecase\backend\myenv\lib\site-packages\pandas\util\_decorators.py", line 333, in wrapper
    return func(*args, **kwargs)
  File "C:\Users\anush\Desktop\python_project\Knowledge_Assisstance_Usecase\backend\myenv\lib\site-packages\pandas\core\frame.py", line 2983, in to_markdown
    tabulate = import_optional_dependency("tabulate")
  File "C:\Users\anush\Desktop\python_project\Knowledge_Assisstance_Usecase\backend\myenv\lib\site-packages\pandas\compat\_optional.py", line 138, in import_optional_dependency
    raise ImportError(msg)
ImportError: Missing optional dependency 'tabulate'.  Use pip or conda to install tabulate.
2025-06-08 02:33:09,469 - ERROR - PDFProcessor - Table caption generation failed on page 4, table 1: Missing optional dependency 'tabulate'.  Use pip or conda to install tabulate.
Traceback (most recent call last):
  File "C:\Users\anush\Desktop\python_project\Knowledge_Assisstance_Usecase\backend\myenv\lib\site-packages\pandas\compat\_optional.py", line 135, in import_optional_dependency
    module = importlib.import_module(name)
  File "C:\Users\anush\AppData\Local\Programs\Python\Python310\lib\importlib\__init__.py", line 126, in import_module
    return _bootstrap._gcd_import(name[level:], package, level)
  File "<frozen importlib._bootstrap>", line 1050, in _gcd_import
  File "<frozen importlib._bootstrap>", line 1027, in _find_and_load
  File "<frozen importlib._bootstrap>", line 1004, in _find_and_load_unlocked
ModuleNotFoundError: No module named 'tabulate'

During handling of the above exception, another exception occurred:

Traceback (most recent call last):
  File "C:\Users\anush\Desktop\python_project\Knowledge_Assisstance_Usecase\backend\multimodel\processing\pdf.py", line 366, in extract_tables
    caption = self.captioner.describe_table(df.to_markdown())
  File "C:\Users\anush\Desktop\python_project\Knowledge_Assisstance_Usecase\backend\myenv\lib\site-packages\pandas\util\_decorators.py", line 333, in wrapper
    return func(*args, **kwargs)
  File "C:\Users\anush\Desktop\python_project\Knowledge_Assisstance_Usecase\backend\myenv\lib\site-packages\pandas\core\frame.py", line 2983, in to_markdown
    tabulate = import_optional_dependency("tabulate")
  File "C:\Users\anush\Desktop\python_project\Knowledge_Assisstance_Usecase\backend\myenv\lib\site-packages\pandas\compat\_optional.py", line 138, in import_optional_dependency
    raise ImportError(msg)
ImportError: Missing optional dependency 'tabulate'.  Use pip or conda to install tabulate.
2025-06-08 02:33:09,473 - ERROR - PDFProcessor - Table caption generation failed on page 4, table 2: Missing optional dependency 'tabulate'.  Use pip or conda to install tabulate.
Traceback (most recent call last):
  File "C:\Users\anush\Desktop\python_project\Knowledge_Assisstance_Usecase\backend\myenv\lib\site-packages\pandas\compat\_optional.py", line 135, in import_optional_dependency
    module = importlib.import_module(name)
  File "C:\Users\anush\AppData\Local\Programs\Python\Python310\lib\importlib\__init__.py", line 126, in import_module
    return _bootstrap._gcd_import(name[level:], package, level)
  File "<frozen importlib._bootstrap>", line 1050, in _gcd_import
  File "<frozen importlib._bootstrap>", line 1027, in _find_and_load
  File "<frozen importlib._bootstrap>", line 1004, in _find_and_load_unlocked
ModuleNotFoundError: No module named 'tabulate'

During handling of the above exception, another exception occurred:

Traceback (most recent call last):
  File "C:\Users\anush\Desktop\python_project\Knowledge_Assisstance_Usecase\backend\multimodel\processing\pdf.py", line 366, in extract_tables
    caption = self.captioner.describe_table(df.to_markdown())
  File "C:\Users\anush\Desktop\python_project\Knowledge_Assisstance_Usecase\backend\myenv\lib\site-packages\pandas\util\_decorators.py", line 333, in wrapper
    return func(*args, **kwargs)
  File "C:\Users\anush\Desktop\python_project\Knowledge_Assisstance_Usecase\backend\myenv\lib\site-packages\pandas\core\frame.py", line 2983, in to_markdown
    tabulate = import_optional_dependency("tabulate")
  File "C:\Users\anush\Desktop\python_project\Knowledge_Assisstance_Usecase\backend\myenv\lib\site-packages\pandas\compat\_optional.py", line 138, in import_optional_dependency
    raise ImportError(msg)
ImportError: Missing optional dependency 'tabulate'.  Use pip or conda to install tabulate.
2025-06-08 02:33:09,474 - ERROR - PDFProcessor - Table caption generation failed on page 4, table 3: Missing optional dependency 'tabulate'.  Use pip or conda to install tabulate.
Traceback (most recent call last):
  File "C:\Users\anush\Desktop\python_project\Knowledge_Assisstance_Usecase\backend\myenv\lib\site-packages\pandas\compat\_optional.py", line 135, in import_optional_dependency
    module = importlib.import_module(name)
  File "C:\Users\anush\AppData\Local\Programs\Python\Python310\lib\importlib\__init__.py", line 126, in import_module
    return _bootstrap._gcd_import(name[level:], package, level)
  File "<frozen importlib._bootstrap>", line 1050, in _gcd_import
  File "<frozen importlib._bootstrap>", line 1027, in _find_and_load
  File "<frozen importlib._bootstrap>", line 1004, in _find_and_load_unlocked
ModuleNotFoundError: No module named 'tabulate'

During handling of the above exception, another exception occurred:

Traceback (most recent call last):
  File "C:\Users\anush\Desktop\python_project\Knowledge_Assisstance_Usecase\backend\multimodel\processing\pdf.py", line 366, in extract_tables
    caption = self.captioner.describe_table(df.to_markdown())
  File "C:\Users\anush\Desktop\python_project\Knowledge_Assisstance_Usecase\backend\myenv\lib\site-packages\pandas\util\_decorators.py", line 333, in wrapper
    return func(*args, **kwargs)
  File "C:\Users\anush\Desktop\python_project\Knowledge_Assisstance_Usecase\backend\myenv\lib\site-packages\pandas\core\frame.py", line 2983, in to_markdown
    tabulate = import_optional_dependency("tabulate")
  File "C:\Users\anush\Desktop\python_project\Knowledge_Assisstance_Usecase\backend\myenv\lib\site-packages\pandas\compat\_optional.py", line 138, in import_optional_dependency
    raise ImportError(msg)
ImportError: Missing optional dependency 'tabulate'.  Use pip or conda to install tabulate.
2025-06-08 02:33:10,065 - ERROR - PDFProcessor - Table caption generation failed on page 5, table 1: Missing optional dependency 'tabulate'.  Use pip or conda to install tabulate.
Traceback (most recent call last):
  File "C:\Users\anush\Desktop\python_project\Knowledge_Assisstance_Usecase\backend\myenv\lib\site-packages\pandas\compat\_optional.py", line 135, in import_optional_dependency
    module = importlib.import_module(name)
  File "C:\Users\anush\AppData\Local\Programs\Python\Python310\lib\importlib\__init__.py", line 126, in import_module
    return _bootstrap._gcd_import(name[level:], package, level)
  File "<frozen importlib._bootstrap>", line 1050, in _gcd_import
  File "<frozen importlib._bootstrap>", line 1027, in _find_and_load
  File "<frozen importlib._bootstrap>", line 1004, in _find_and_load_unlocked
ModuleNotFoundError: No module named 'tabulate'

During handling of the above exception, another exception occurred:

Traceback (most recent call last):
  File "C:\Users\anush\Desktop\python_project\Knowledge_Assisstance_Usecase\backend\multimodel\processing\pdf.py", line 366, in extract_tables
    caption = self.captioner.describe_table(df.to_markdown())
  File "C:\Users\anush\Desktop\python_project\Knowledge_Assisstance_Usecase\backend\myenv\lib\site-packages\pandas\util\_decorators.py", line 333, in wrapper
    return func(*args, **kwargs)
  File "C:\Users\anush\Desktop\python_project\Knowledge_Assisstance_Usecase\backend\myenv\lib\site-packages\pandas\core\frame.py", line 2983, in to_markdown
    tabulate = import_optional_dependency("tabulate")
  File "C:\Users\anush\Desktop\python_project\Knowledge_Assisstance_Usecase\backend\myenv\lib\site-packages\pandas\compat\_optional.py", line 138, in import_optional_dependency
    raise ImportError(msg)
ImportError: Missing optional dependency 'tabulate'.  Use pip or conda to install tabulate.
2025-06-08 02:33:10,077 - ERROR - PDFProcessor - Table caption generation failed on page 5, table 2: Missing optional dependency 'tabulate'.  Use pip or conda to install tabulate.
Traceback (most recent call last):
  File "C:\Users\anush\Desktop\python_project\Knowledge_Assisstance_Usecase\backend\myenv\lib\site-packages\pandas\compat\_optional.py", line 135, in import_optional_dependency
    module = importlib.import_module(name)
  File "C:\Users\anush\AppData\Local\Programs\Python\Python310\lib\importlib\__init__.py", line 126, in import_module
    return _bootstrap._gcd_import(name[level:], package, level)
  File "<frozen importlib._bootstrap>", line 1050, in _gcd_import
  File "<frozen importlib._bootstrap>", line 1027, in _find_and_load
  File "<frozen importlib._bootstrap>", line 1004, in _find_and_load_unlocked
ModuleNotFoundError: No module named 'tabulate'

During handling of the above exception, another exception occurred:

Traceback (most recent call last):
  File "C:\Users\anush\Desktop\python_project\Knowledge_Assisstance_Usecase\backend\multimodel\processing\pdf.py", line 366, in extract_tables
    caption = self.captioner.describe_table(df.to_markdown())
  File "C:\Users\anush\Desktop\python_project\Knowledge_Assisstance_Usecase\backend\myenv\lib\site-packages\pandas\util\_decorators.py", line 333, in wrapper
    return func(*args, **kwargs)
  File "C:\Users\anush\Desktop\python_project\Knowledge_Assisstance_Usecase\backend\myenv\lib\site-packages\pandas\core\frame.py", line 2983, in to_markdown
    tabulate = import_optional_dependency("tabulate")
  File "C:\Users\anush\Desktop\python_project\Knowledge_Assisstance_Usecase\backend\myenv\lib\site-packages\pandas\compat\_optional.py", line 138, in import_optional_dependency
    raise ImportError(msg)
ImportError: Missing optional dependency 'tabulate'.  Use pip or conda to install tabulate.
2025-06-08 02:33:10,858 - ERROR - PDFProcessor - Table caption generation failed on page 6, table 1: Missing optional dependency 'tabulate'.  Use pip or conda to install tabulate.
Traceback (most recent call last):
  File "C:\Users\anush\Desktop\python_project\Knowledge_Assisstance_Usecase\backend\myenv\lib\site-packages\pandas\compat\_optional.py", line 135, in import_optional_dependency
    module = importlib.import_module(name)
  File "C:\Users\anush\AppData\Local\Programs\Python\Python310\lib\importlib\__init__.py", line 126, in import_module
    return _bootstrap._gcd_import(name[level:], package, level)
  File "<frozen importlib._bootstrap>", line 1050, in _gcd_import
  File "<frozen importlib._bootstrap>", line 1027, in _find_and_load
  File "<frozen importlib._bootstrap>", line 1004, in _find_and_load_unlocked
ModuleNotFoundError: No module named 'tabulate'

During handling of the above exception, another exception occurred:

Traceback (most recent call last):
  File "C:\Users\anush\Desktop\python_project\Knowledge_Assisstance_Usecase\backend\multimodel\processing\pdf.py", line 366, in extract_tables
    caption = self.captioner.describe_table(df.to_markdown())
  File "C:\Users\anush\Desktop\python_project\Knowledge_Assisstance_Usecase\backend\myenv\lib\site-packages\pandas\util\_decorators.py", line 333, in wrapper
    return func(*args, **kwargs)
  File "C:\Users\anush\Desktop\python_project\Knowledge_Assisstance_Usecase\backend\myenv\lib\site-packages\pandas\core\frame.py", line 2983, in to_markdown
    tabulate = import_optional_dependency("tabulate")
  File "C:\Users\anush\Desktop\python_project\Knowledge_Assisstance_Usecase\backend\myenv\lib\site-packages\pandas\compat\_optional.py", line 138, in import_optional_dependency
    raise ImportError(msg)
ImportError: Missing optional dependency 'tabulate'.  Use pip or conda to install tabulate.
2025-06-08 02:33:10,860 - ERROR - PDFProcessor - Table caption generation failed on page 6, table 2: Missing optional dependency 'tabulate'.  Use pip or conda to install tabulate.
Traceback (most recent call last):
  File "C:\Users\anush\Desktop\python_project\Knowledge_Assisstance_Usecase\backend\myenv\lib\site-packages\pandas\compat\_optional.py", line 135, in import_optional_dependency
    module = importlib.import_module(name)
  File "C:\Users\anush\AppData\Local\Programs\Python\Python310\lib\importlib\__init__.py", line 126, in import_module
    return _bootstrap._gcd_import(name[level:], package, level)
  File "<frozen importlib._bootstrap>", line 1050, in _gcd_import
  File "<frozen importlib._bootstrap>", line 1027, in _find_and_load
  File "<frozen importlib._bootstrap>", line 1004, in _find_and_load_unlocked
ModuleNotFoundError: No module named 'tabulate'

During handling of the above exception, another exception occurred:

Traceback (most recent call last):
  File "C:\Users\anush\Desktop\python_project\Knowledge_Assisstance_Usecase\backend\multimodel\processing\pdf.py", line 366, in extract_tables
    caption = self.captioner.describe_table(df.to_markdown())
  File "C:\Users\anush\Desktop\python_project\Knowledge_Assisstance_Usecase\backend\myenv\lib\site-packages\pandas\util\_decorators.py", line 333, in wrapper
    return func(*args, **kwargs)
  File "C:\Users\anush\Desktop\python_project\Knowledge_Assisstance_Usecase\backend\myenv\lib\site-packages\pandas\core\frame.py", line 2983, in to_markdown
    tabulate = import_optional_dependency("tabulate")
  File "C:\Users\anush\Desktop\python_project\Knowledge_Assisstance_Usecase\backend\myenv\lib\site-packages\pandas\compat\_optional.py", line 138, in import_optional_dependency
    raise ImportError(msg)
ImportError: Missing optional dependency 'tabulate'.  Use pip or conda to install tabulate.
2025-06-08 02:33:11,600 - ERROR - PDFProcessor - Table caption generation failed on page 7, table 1: Missing optional dependency 'tabulate'.  Use pip or conda to install tabulate.
Traceback (most recent call last):
  File "C:\Users\anush\Desktop\python_project\Knowledge_Assisstance_Usecase\backend\myenv\lib\site-packages\pandas\compat\_optional.py", line 135, in import_optional_dependency
    module = importlib.import_module(name)
  File "C:\Users\anush\AppData\Local\Programs\Python\Python310\lib\importlib\__init__.py", line 126, in import_module
    return _bootstrap._gcd_import(name[level:], package, level)
  File "<frozen importlib._bootstrap>", line 1050, in _gcd_import
  File "<frozen importlib._bootstrap>", line 1027, in _find_and_load
  File "<frozen importlib._bootstrap>", line 1004, in _find_and_load_unlocked
ModuleNotFoundError: No module named 'tabulate'

During handling of the above exception, another exception occurred:

Traceback (most recent call last):
  File "C:\Users\anush\Desktop\python_project\Knowledge_Assisstance_Usecase\backend\multimodel\processing\pdf.py", line 366, in extract_tables
    caption = self.captioner.describe_table(df.to_markdown())
  File "C:\Users\anush\Desktop\python_project\Knowledge_Assisstance_Usecase\backend\myenv\lib\site-packages\pandas\util\_decorators.py", line 333, in wrapper
    return func(*args, **kwargs)
  File "C:\Users\anush\Desktop\python_project\Knowledge_Assisstance_Usecase\backend\myenv\lib\site-packages\pandas\core\frame.py", line 2983, in to_markdown
    tabulate = import_optional_dependency("tabulate")
  File "C:\Users\anush\Desktop\python_project\Knowledge_Assisstance_Usecase\backend\myenv\lib\site-packages\pandas\compat\_optional.py", line 138, in import_optional_dependency
    raise ImportError(msg)
ImportError: Missing optional dependency 'tabulate'.  Use pip or conda to install tabulate.
2025-06-08 02:33:11,602 - ERROR - PDFProcessor - Table caption generation failed on page 7, table 2: Missing optional dependency 'tabulate'.  Use pip or conda to install tabulate.
Traceback (most recent call last):
  File "C:\Users\anush\Desktop\python_project\Knowledge_Assisstance_Usecase\backend\myenv\lib\site-packages\pandas\compat\_optional.py", line 135, in import_optional_dependency
    module = importlib.import_module(name)
  File "C:\Users\anush\AppData\Local\Programs\Python\Python310\lib\importlib\__init__.py", line 126, in import_module
    return _bootstrap._gcd_import(name[level:], package, level)
  File "<frozen importlib._bootstrap>", line 1050, in _gcd_import
  File "<frozen importlib._bootstrap>", line 1027, in _find_and_load
  File "<frozen importlib._bootstrap>", line 1004, in _find_and_load_unlocked
ModuleNotFoundError: No module named 'tabulate'

During handling of the above exception, another exception occurred:

Traceback (most recent call last):
  File "C:\Users\anush\Desktop\python_project\Knowledge_Assisstance_Usecase\backend\multimodel\processing\pdf.py", line 366, in extract_tables
    caption = self.captioner.describe_table(df.to_markdown())
  File "C:\Users\anush\Desktop\python_project\Knowledge_Assisstance_Usecase\backend\myenv\lib\site-packages\pandas\util\_decorators.py", line 333, in wrapper
    return func(*args, **kwargs)
  File "C:\Users\anush\Desktop\python_project\Knowledge_Assisstance_Usecase\backend\myenv\lib\site-packages\pandas\core\frame.py", line 2983, in to_markdown
    tabulate = import_optional_dependency("tabulate")
  File "C:\Users\anush\Desktop\python_project\Knowledge_Assisstance_Usecase\backend\myenv\lib\site-packages\pandas\compat\_optional.py", line 138, in import_optional_dependency
    raise ImportError(msg)
ImportError: Missing optional dependency 'tabulate'.  Use pip or conda to install tabulate.
2025-06-08 02:33:12,357 - ERROR - PDFProcessor - Table caption generation failed on page 8, table 1: Missing optional dependency 'tabulate'.  Use pip or conda to install tabulate.
Traceback (most recent call last):
  File "C:\Users\anush\Desktop\python_project\Knowledge_Assisstance_Usecase\backend\myenv\lib\site-packages\pandas\compat\_optional.py", line 135, in import_optional_dependency
    module = importlib.import_module(name)
  File "C:\Users\anush\AppData\Local\Programs\Python\Python310\lib\importlib\__init__.py", line 126, in import_module
    return _bootstrap._gcd_import(name[level:], package, level)
  File "<frozen importlib._bootstrap>", line 1050, in _gcd_import
  File "<frozen importlib._bootstrap>", line 1027, in _find_and_load
  File "<frozen importlib._bootstrap>", line 1004, in _find_and_load_unlocked
ModuleNotFoundError: No module named 'tabulate'

During handling of the above exception, another exception occurred:

Traceback (most recent call last):
  File "C:\Users\anush\Desktop\python_project\Knowledge_Assisstance_Usecase\backend\multimodel\processing\pdf.py", line 366, in extract_tables
    caption = self.captioner.describe_table(df.to_markdown())
  File "C:\Users\anush\Desktop\python_project\Knowledge_Assisstance_Usecase\backend\myenv\lib\site-packages\pandas\util\_decorators.py", line 333, in wrapper
    return func(*args, **kwargs)
  File "C:\Users\anush\Desktop\python_project\Knowledge_Assisstance_Usecase\backend\myenv\lib\site-packages\pandas\core\frame.py", line 2983, in to_markdown
    tabulate = import_optional_dependency("tabulate")
  File "C:\Users\anush\Desktop\python_project\Knowledge_Assisstance_Usecase\backend\myenv\lib\site-packages\pandas\compat\_optional.py", line 138, in import_optional_dependency
    raise ImportError(msg)
ImportError: Missing optional dependency 'tabulate'.  Use pip or conda to install tabulate.
2025-06-08 02:33:12,359 - ERROR - PDFProcessor - Table caption generation failed on page 8, table 2: Missing optional dependency 'tabulate'.  Use pip or conda to install tabulate.
Traceback (most recent call last):
  File "C:\Users\anush\Desktop\python_project\Knowledge_Assisstance_Usecase\backend\myenv\lib\site-packages\pandas\compat\_optional.py", line 135, in import_optional_dependency
    module = importlib.import_module(name)
  File "C:\Users\anush\AppData\Local\Programs\Python\Python310\lib\importlib\__init__.py", line 126, in import_module
    return _bootstrap._gcd_import(name[level:], package, level)
  File "<frozen importlib._bootstrap>", line 1050, in _gcd_import
  File "<frozen importlib._bootstrap>", line 1027, in _find_and_load
  File "<frozen importlib._bootstrap>", line 1004, in _find_and_load_unlocked
ModuleNotFoundError: No module named 'tabulate'

During handling of the above exception, another exception occurred:

Traceback (most recent call last):
  File "C:\Users\anush\Desktop\python_project\Knowledge_Assisstance_Usecase\backend\multimodel\processing\pdf.py", line 366, in extract_tables
    caption = self.captioner.describe_table(df.to_markdown())
  File "C:\Users\anush\Desktop\python_project\Knowledge_Assisstance_Usecase\backend\myenv\lib\site-packages\pandas\util\_decorators.py", line 333, in wrapper
    return func(*args, **kwargs)
  File "C:\Users\anush\Desktop\python_project\Knowledge_Assisstance_Usecase\backend\myenv\lib\site-packages\pandas\core\frame.py", line 2983, in to_markdown
    tabulate = import_optional_dependency("tabulate")
  File "C:\Users\anush\Desktop\python_project\Knowledge_Assisstance_Usecase\backend\myenv\lib\site-packages\pandas\compat\_optional.py", line 138, in import_optional_dependency
    raise ImportError(msg)
ImportError: Missing optional dependency 'tabulate'.  Use pip or conda to install tabulate.
2025-06-08 02:33:12,754 - ERROR - PDFProcessor - Table caption generation failed on page 9, table 1: Missing optional dependency 'tabulate'.  Use pip or conda to install tabulate.
Traceback (most recent call last):
  File "C:\Users\anush\Desktop\python_project\Knowledge_Assisstance_Usecase\backend\myenv\lib\site-packages\pandas\compat\_optional.py", line 135, in import_optional_dependency
    module = importlib.import_module(name)
  File "C:\Users\anush\AppData\Local\Programs\Python\Python310\lib\importlib\__init__.py", line 126, in import_module
    return _bootstrap._gcd_import(name[level:], package, level)
  File "<frozen importlib._bootstrap>", line 1050, in _gcd_import
  File "<frozen importlib._bootstrap>", line 1027, in _find_and_load
  File "<frozen importlib._bootstrap>", line 1004, in _find_and_load_unlocked
ModuleNotFoundError: No module named 'tabulate'

During handling of the above exception, another exception occurred:

Traceback (most recent call last):
  File "C:\Users\anush\Desktop\python_project\Knowledge_Assisstance_Usecase\backend\multimodel\processing\pdf.py", line 366, in extract_tables
    caption = self.captioner.describe_table(df.to_markdown())
  File "C:\Users\anush\Desktop\python_project\Knowledge_Assisstance_Usecase\backend\myenv\lib\site-packages\pandas\util\_decorators.py", line 333, in wrapper
    return func(*args, **kwargs)
  File "C:\Users\anush\Desktop\python_project\Knowledge_Assisstance_Usecase\backend\myenv\lib\site-packages\pandas\core\frame.py", line 2983, in to_markdown
    tabulate = import_optional_dependency("tabulate")
  File "C:\Users\anush\Desktop\python_project\Knowledge_Assisstance_Usecase\backend\myenv\lib\site-packages\pandas\compat\_optional.py", line 138, in import_optional_dependency
    raise ImportError(msg)
ImportError: Missing optional dependency 'tabulate'.  Use pip or conda to install tabulate.
2025-06-08 02:33:12,757 - ERROR - PDFProcessor - Table caption generation failed on page 9, table 2: Missing optional dependency 'tabulate'.  Use pip or conda to install tabulate.
Traceback (most recent call last):
  File "C:\Users\anush\Desktop\python_project\Knowledge_Assisstance_Usecase\backend\myenv\lib\site-packages\pandas\compat\_optional.py", line 135, in import_optional_dependency
    module = importlib.import_module(name)
  File "C:\Users\anush\AppData\Local\Programs\Python\Python310\lib\importlib\__init__.py", line 126, in import_module
    return _bootstrap._gcd_import(name[level:], package, level)
  File "<frozen importlib._bootstrap>", line 1050, in _gcd_import
  File "<frozen importlib._bootstrap>", line 1027, in _find_and_load
  File "<frozen importlib._bootstrap>", line 1004, in _find_and_load_unlocked
ModuleNotFoundError: No module named 'tabulate'

During handling of the above exception, another exception occurred:

Traceback (most recent call last):
  File "C:\Users\anush\Desktop\python_project\Knowledge_Assisstance_Usecase\backend\multimodel\processing\pdf.py", line 366, in extract_tables
    caption = self.captioner.describe_table(df.to_markdown())
  File "C:\Users\anush\Desktop\python_project\Knowledge_Assisstance_Usecase\backend\myenv\lib\site-packages\pandas\util\_decorators.py", line 333, in wrapper
    return func(*args, **kwargs)
  File "C:\Users\anush\Desktop\python_project\Knowledge_Assisstance_Usecase\backend\myenv\lib\site-packages\pandas\core\frame.py", line 2983, in to_markdown
    tabulate = import_optional_dependency("tabulate")
  File "C:\Users\anush\Desktop\python_project\Knowledge_Assisstance_Usecase\backend\myenv\lib\site-packages\pandas\compat\_optional.py", line 138, in import_optional_dependency
    raise ImportError(msg)
ImportError: Missing optional dependency 'tabulate'.  Use pip or conda to install tabulate.
2025-06-08 02:33:12,873 - ERROR - PDFProcessor - Table caption generation failed on page 10, table 1: Missing optional dependency 'tabulate'.  Use pip or conda to install tabulate.
Traceback (most recent call last):
  File "C:\Users\anush\Desktop\python_project\Knowledge_Assisstance_Usecase\backend\myenv\lib\site-packages\pandas\compat\_optional.py", line 135, in import_optional_dependency
    module = importlib.import_module(name)
  File "C:\Users\anush\AppData\Local\Programs\Python\Python310\lib\importlib\__init__.py", line 126, in import_module
    return _bootstrap._gcd_import(name[level:], package, level)
  File "<frozen importlib._bootstrap>", line 1050, in _gcd_import
  File "<frozen importlib._bootstrap>", line 1027, in _find_and_load
  File "<frozen importlib._bootstrap>", line 1004, in _find_and_load_unlocked
ModuleNotFoundError: No module named 'tabulate'

During handling of the above exception, another exception occurred:

Traceback (most recent call last):
  File "C:\Users\anush\Desktop\python_project\Knowledge_Assisstance_Usecase\backend\multimodel\processing\pdf.py", line 366, in extract_tables
    caption = self.captioner.describe_table(df.to_markdown())
  File "C:\Users\anush\Desktop\python_project\Knowledge_Assisstance_Usecase\backend\myenv\lib\site-packages\pandas\util\_decorators.py", line 333, in wrapper
    return func(*args, **kwargs)
  File "C:\Users\anush\Desktop\python_project\Knowledge_Assisstance_Usecase\backend\myenv\lib\site-packages\pandas\core\frame.py", line 2983, in to_markdown
    tabulate = import_optional_dependency("tabulate")
  File "C:\Users\anush\Desktop\python_project\Knowledge_Assisstance_Usecase\backend\myenv\lib\site-packages\pandas\compat\_optional.py", line 138, in import_optional_dependency
    raise ImportError(msg)
ImportError: Missing optional dependency 'tabulate'.  Use pip or conda to install tabulate.
2025-06-08 02:33:12,875 - ERROR - PDFProcessor - Table caption generation failed on page 10, table 2: Missing optional dependency 'tabulate'.  Use pip or conda to install tabulate.
Traceback (most recent call last):
  File "C:\Users\anush\Desktop\python_project\Knowledge_Assisstance_Usecase\backend\myenv\lib\site-packages\pandas\compat\_optional.py", line 135, in import_optional_dependency
    module = importlib.import_module(name)
  File "C:\Users\anush\AppData\Local\Programs\Python\Python310\lib\importlib\__init__.py", line 126, in import_module
    return _bootstrap._gcd_import(name[level:], package, level)
  File "<frozen importlib._bootstrap>", line 1050, in _gcd_import
  File "<frozen importlib._bootstrap>", line 1027, in _find_and_load
  File "<frozen importlib._bootstrap>", line 1004, in _find_and_load_unlocked
ModuleNotFoundError: No module named 'tabulate'

During handling of the above exception, another exception occurred:

Traceback (most recent call last):
  File "C:\Users\anush\Desktop\python_project\Knowledge_Assisstance_Usecase\backend\multimodel\processing\pdf.py", line 366, in extract_tables
    caption = self.captioner.describe_table(df.to_markdown())
  File "C:\Users\anush\Desktop\python_project\Knowledge_Assisstance_Usecase\backend\myenv\lib\site-packages\pandas\util\_decorators.py", line 333, in wrapper
    return func(*args, **kwargs)
  File "C:\Users\anush\Desktop\python_project\Knowledge_Assisstance_Usecase\backend\myenv\lib\site-packages\pandas\core\frame.py", line 2983, in to_markdown
    tabulate = import_optional_dependency("tabulate")
  File "C:\Users\anush\Desktop\python_project\Knowledge_Assisstance_Usecase\backend\myenv\lib\site-packages\pandas\compat\_optional.py", line 138, in import_optional_dependency
    raise ImportError(msg)
ImportError: Missing optional dependency 'tabulate'.  Use pip or conda to install tabulate.
2025-06-08 02:33:12,875 - WARNING - pdfminer.pdfpage - CropBox missing from /Page, defaulting to MediaBox
2025-06-08 02:33:12,876 - WARNING - pdfminer.pdfpage - CropBox missing from /Page, defaulting to MediaBox
2025-06-08 02:33:12,876 - WARNING - pdfminer.pdfpage - CropBox missing from /Page, defaulting to MediaBox
2025-06-08 02:33:12,876 - WARNING - pdfminer.pdfpage - CropBox missing from /Page, defaulting to MediaBox
2025-06-08 02:33:12,876 - WARNING - pdfminer.pdfpage - CropBox missing from /Page, defaulting to MediaBox
2025-06-08 02:33:12,876 - WARNING - pdfminer.pdfpage - CropBox missing from /Page, defaulting to MediaBox
2025-06-08 02:33:12,877 - WARNING - pdfminer.pdfpage - CropBox missing from /Page, defaulting to MediaBox
2025-06-08 02:33:12,877 - WARNING - pdfminer.pdfpage - CropBox missing from /Page, defaulting to MediaBox
2025-06-08 02:33:12,877 - WARNING - pdfminer.pdfpage - CropBox missing from /Page, defaulting to MediaBox
2025-06-08 02:33:12,877 - WARNING - pdfminer.pdfpage - CropBox missing from /Page, defaulting to MediaBox
2025-06-08 02:33:12,877 - INFO - PDFProcessor - Extracted 24 tables in total.
2025-06-08 02:33:13,057 - INFO - GeminiMultimodalProcessor - Processing content of type: image
2025-06-08 02:33:13,058 - INFO - GeminiMultimodalProcessor - Processing image content
2025-06-08 02:33:16,830 - INFO - GeminiMultimodalProcessor - Image caption generated
2025-06-08 02:33:16,836 - INFO - GeminiMultimodalProcessor - Processing content of type: image
2025-06-08 02:33:16,837 - INFO - GeminiMultimodalProcessor - Processing image content
2025-06-08 02:33:19,452 - INFO - GeminiMultimodalProcessor - Image caption generated
2025-06-08 02:33:19,462 - INFO - GeminiMultimodalProcessor - Processing content of type: image
2025-06-08 02:33:19,462 - INFO - GeminiMultimodalProcessor - Processing image content
2025-06-08 02:33:21,965 - INFO - GeminiMultimodalProcessor - Image caption generated
2025-06-08 02:33:21,973 - INFO - GeminiMultimodalProcessor - Processing content of type: image
2025-06-08 02:33:21,974 - INFO - GeminiMultimodalProcessor - Processing image content
2025-06-08 02:33:24,198 - INFO - GeminiMultimodalProcessor - Image caption generated
2025-06-08 02:33:24,204 - INFO - GeminiMultimodalProcessor - Processing content of type: image
2025-06-08 02:33:24,204 - INFO - GeminiMultimodalProcessor - Processing image content
2025-06-08 02:33:26,362 - INFO - GeminiMultimodalProcessor - Image caption generated
2025-06-08 02:33:26,368 - INFO - GeminiMultimodalProcessor - Processing content of type: image
2025-06-08 02:33:26,369 - INFO - GeminiMultimodalProcessor - Processing image content
2025-06-08 02:33:28,655 - INFO - GeminiMultimodalProcessor - Image caption generated
2025-06-08 02:33:28,661 - INFO - GeminiMultimodalProcessor - Processing content of type: image
2025-06-08 02:33:28,662 - INFO - GeminiMultimodalProcessor - Processing image content
2025-06-08 02:33:30,924 - INFO - GeminiMultimodalProcessor - Image caption generated
2025-06-08 02:33:30,934 - INFO - GeminiMultimodalProcessor - Processing content of type: image
2025-06-08 02:33:30,934 - INFO - GeminiMultimodalProcessor - Processing image content
2025-06-08 02:33:33,166 - INFO - GeminiMultimodalProcessor - Image caption generated
2025-06-08 02:33:33,170 - INFO - GeminiMultimodalProcessor - Processing content of type: image
2025-06-08 02:33:33,171 - INFO - GeminiMultimodalProcessor - Processing image content
2025-06-08 02:33:35,081 - INFO - GeminiMultimodalProcessor - Image caption generated
2025-06-08 02:33:35,088 - INFO - GeminiMultimodalProcessor - Processing content of type: image
2025-06-08 02:33:35,088 - INFO - GeminiMultimodalProcessor - Processing image content
2025-06-08 02:33:37,156 - INFO - GeminiMultimodalProcessor - Image caption generated
2025-06-08 02:33:37,157 - INFO - PDFProcessor - Extracted 10 images in total.
2025-06-08 02:33:37,160 - ERROR - upload - Unexpected error during upload of file Global-Warming-Potential-Values (August 2024).pdf: Missing optional dependency 'tabulate'.  Use pip or conda to install tabulate.
2025-06-08 02:34:17,522 - INFO - multimodal_api - Cleaning up resources before shutdown.
2025-06-08 02:40:30,521 - INFO - multimodal_api - Running app on 0.0.0.0:8000
2025-06-08 02:40:30,585 - INFO - multimodal_api - Starting up Multimodal Document Assistant API...
2025-06-08 02:40:30,586 - INFO - core - Initializing ChromaDB client...
2025-06-08 02:40:30,586 - INFO - ChromaClient - Initializing ChromaClient with collection: multimodal_docs
2025-06-08 02:40:30,619 - INFO - chromadb.telemetry.product.posthog - Anonymized telemetry enabled. See                     https://docs.trychroma.com/telemetry for more information.
2025-06-08 02:40:30,800 - INFO - GeminiEmbeddings - Configuring Gemini embeddings model
2025-06-08 02:40:30,801 - INFO - GeminiEmbeddings - Gemini embeddings model initialized
2025-06-08 02:40:30,819 - INFO - ChromaClient - Chroma collection ready
2025-06-08 02:40:30,819 - INFO - core - Initializing Gemini embeddings...
2025-06-08 02:40:30,819 - INFO - GeminiEmbeddings - Configuring Gemini embeddings model
2025-06-08 02:40:30,819 - INFO - GeminiEmbeddings - Gemini embeddings model initialized
2025-06-08 02:40:30,820 - INFO - core - Core services initialized
2025-06-08 02:40:30,820 - INFO - multimodal_api - Services initialized successfully.
2025-06-08 02:40:51,814 - INFO - upload - Upload request received: filename=Global-Warming-Potential-Values (August 2024).pdf, document_id=None
2025-06-08 02:40:51,816 - INFO - upload - Using document ID: 5f0bbd46600e0b27
2025-06-08 02:40:51,816 - INFO - ChromaClient - Initializing ChromaClient with collection: multimodal_docs
2025-06-08 02:40:51,833 - INFO - GeminiEmbeddings - Configuring Gemini embeddings model
2025-06-08 02:40:51,833 - INFO - GeminiEmbeddings - Gemini embeddings model initialized
2025-06-08 02:40:51,845 - INFO - ChromaClient - Chroma collection ready
2025-06-08 02:40:52,004 - INFO - upload - Saved uploaded file to temp path: C:\Users\anush\AppData\Local\Temp\tmptjfg26an.pdf
2025-06-08 02:40:52,101 - INFO - GeminiMultimodalProcessor - Configuring Gemini API and model
2025-06-08 02:40:52,102 - INFO - GeminiMultimodalProcessor - GeminiMultimodalProcessor initialized
2025-06-08 02:40:52,102 - INFO - PDFProcessor - Starting full processing of PDF file: C:\Users\anush\AppData\Local\Temp\tmptjfg26an.pdf
2025-06-08 02:40:53,300 - INFO - PDFProcessor - Extracted text length: 19840 characters.
2025-06-08 02:40:53,321 - WARNING - pdfminer.pdfpage - CropBox missing from /Page, defaulting to MediaBox
2025-06-08 02:40:53,322 - WARNING - pdfminer.pdfpage - CropBox missing from /Page, defaulting to MediaBox
2025-06-08 02:40:53,323 - WARNING - pdfminer.pdfpage - CropBox missing from /Page, defaulting to MediaBox
2025-06-08 02:40:53,324 - WARNING - pdfminer.pdfpage - CropBox missing from /Page, defaulting to MediaBox
2025-06-08 02:40:53,324 - WARNING - pdfminer.pdfpage - CropBox missing from /Page, defaulting to MediaBox
2025-06-08 02:40:53,325 - WARNING - pdfminer.pdfpage - CropBox missing from /Page, defaulting to MediaBox
2025-06-08 02:40:53,325 - WARNING - pdfminer.pdfpage - CropBox missing from /Page, defaulting to MediaBox
2025-06-08 02:40:53,327 - WARNING - pdfminer.pdfpage - CropBox missing from /Page, defaulting to MediaBox
2025-06-08 02:40:53,328 - WARNING - pdfminer.pdfpage - CropBox missing from /Page, defaulting to MediaBox
2025-06-08 02:40:53,329 - WARNING - pdfminer.pdfpage - CropBox missing from /Page, defaulting to MediaBox
2025-06-08 02:40:53,571 - INFO - GeminiMultimodalProcessor - Describing table content
2025-06-08 02:40:58,952 - INFO - GeminiMultimodalProcessor - Table description generated
2025-06-08 02:40:58,953 - INFO - GeminiMultimodalProcessor - Describing table content
2025-06-08 02:41:04,658 - INFO - GeminiMultimodalProcessor - Table description generated
2025-06-08 02:41:05,097 - INFO - GeminiMultimodalProcessor - Describing table content
2025-06-08 02:41:12,398 - INFO - GeminiMultimodalProcessor - Table description generated
2025-06-08 02:41:12,399 - INFO - GeminiMultimodalProcessor - Describing table content
2025-06-08 02:41:18,248 - INFO - GeminiMultimodalProcessor - Table description generated
2025-06-08 02:41:18,250 - INFO - GeminiMultimodalProcessor - Describing table content
2025-06-08 02:41:21,664 - INFO - GeminiMultimodalProcessor - Table description generated
2025-06-08 02:41:21,666 - INFO - GeminiMultimodalProcessor - Describing table content
2025-06-08 02:41:25,039 - INFO - GeminiMultimodalProcessor - Table description generated
2025-06-08 02:41:25,403 - INFO - GeminiMultimodalProcessor - Describing table content
2025-06-08 02:41:33,982 - INFO - GeminiMultimodalProcessor - Table description generated
2025-06-08 02:41:33,983 - INFO - GeminiMultimodalProcessor - Describing table content
2025-06-08 02:41:39,230 - INFO - GeminiMultimodalProcessor - Table description generated
2025-06-08 02:41:39,232 - INFO - GeminiMultimodalProcessor - Describing table content
2025-06-08 02:41:43,190 - INFO - GeminiMultimodalProcessor - Table description generated
2025-06-08 02:41:43,708 - INFO - GeminiMultimodalProcessor - Describing table content
2025-06-08 02:41:49,375 - INFO - GeminiMultimodalProcessor - Table description generated
2025-06-08 02:41:49,377 - INFO - GeminiMultimodalProcessor - Describing table content
2025-06-08 02:41:55,528 - INFO - GeminiMultimodalProcessor - Table description generated
2025-06-08 02:41:55,529 - INFO - GeminiMultimodalProcessor - Describing table content
2025-06-08 02:42:00,249 - INFO - GeminiMultimodalProcessor - Table description generated
2025-06-08 02:42:00,583 - INFO - GeminiMultimodalProcessor - Describing table content
2025-06-08 02:42:07,208 - INFO - GeminiMultimodalProcessor - Table description generated
2025-06-08 02:42:07,209 - INFO - GeminiMultimodalProcessor - Describing table content
2025-06-08 02:42:13,670 - INFO - GeminiMultimodalProcessor - Table description generated
2025-06-08 02:42:14,115 - INFO - GeminiMultimodalProcessor - Describing table content
2025-06-08 02:42:21,104 - INFO - GeminiMultimodalProcessor - Table description generated
2025-06-08 02:42:21,105 - INFO - GeminiMultimodalProcessor - Describing table content
2025-06-08 02:42:26,199 - INFO - GeminiMultimodalProcessor - Table description generated
2025-06-08 02:42:26,607 - INFO - GeminiMultimodalProcessor - Describing table content
2025-06-08 02:42:33,338 - INFO - GeminiMultimodalProcessor - Table description generated
2025-06-08 02:42:33,340 - INFO - GeminiMultimodalProcessor - Describing table content
2025-06-08 02:42:38,949 - INFO - GeminiMultimodalProcessor - Table description generated
2025-06-08 02:42:39,739 - INFO - GeminiMultimodalProcessor - Describing table content
2025-06-08 02:42:47,132 - INFO - GeminiMultimodalProcessor - Table description generated
2025-06-08 02:42:47,134 - INFO - GeminiMultimodalProcessor - Describing table content
2025-06-08 02:42:53,301 - INFO - GeminiMultimodalProcessor - Table description generated
2025-06-08 02:42:53,793 - INFO - GeminiMultimodalProcessor - Describing table content
2025-06-08 02:43:00,988 - INFO - GeminiMultimodalProcessor - Table description generated
2025-06-08 02:43:00,990 - INFO - GeminiMultimodalProcessor - Describing table content
2025-06-08 02:43:05,582 - INFO - GeminiMultimodalProcessor - Table description generated
2025-06-08 02:43:05,809 - INFO - GeminiMultimodalProcessor - Describing table content
2025-06-08 02:43:12,250 - INFO - GeminiMultimodalProcessor - Table description generated
2025-06-08 02:43:12,253 - INFO - GeminiMultimodalProcessor - Describing table content
2025-06-08 02:43:19,133 - INFO - GeminiMultimodalProcessor - Table description generated
2025-06-08 02:43:19,134 - WARNING - pdfminer.pdfpage - CropBox missing from /Page, defaulting to MediaBox
2025-06-08 02:43:19,136 - WARNING - pdfminer.pdfpage - CropBox missing from /Page, defaulting to MediaBox
2025-06-08 02:43:19,137 - WARNING - pdfminer.pdfpage - CropBox missing from /Page, defaulting to MediaBox
2025-06-08 02:43:19,137 - WARNING - pdfminer.pdfpage - CropBox missing from /Page, defaulting to MediaBox
2025-06-08 02:43:19,137 - WARNING - pdfminer.pdfpage - CropBox missing from /Page, defaulting to MediaBox
2025-06-08 02:43:19,137 - WARNING - pdfminer.pdfpage - CropBox missing from /Page, defaulting to MediaBox
2025-06-08 02:43:19,138 - WARNING - pdfminer.pdfpage - CropBox missing from /Page, defaulting to MediaBox
2025-06-08 02:43:19,138 - WARNING - pdfminer.pdfpage - CropBox missing from /Page, defaulting to MediaBox
2025-06-08 02:43:19,138 - WARNING - pdfminer.pdfpage - CropBox missing from /Page, defaulting to MediaBox
2025-06-08 02:43:19,139 - WARNING - pdfminer.pdfpage - CropBox missing from /Page, defaulting to MediaBox
2025-06-08 02:43:19,139 - INFO - PDFProcessor - Extracted 24 tables in total.
2025-06-08 02:43:19,268 - INFO - GeminiMultimodalProcessor - Processing content of type: image
2025-06-08 02:43:19,268 - INFO - GeminiMultimodalProcessor - Processing image content
2025-06-08 02:43:21,590 - INFO - GeminiMultimodalProcessor - Image caption generated
2025-06-08 02:43:21,596 - INFO - GeminiMultimodalProcessor - Processing content of type: image
2025-06-08 02:43:21,598 - INFO - GeminiMultimodalProcessor - Processing image content
2025-06-08 02:43:23,764 - INFO - GeminiMultimodalProcessor - Image caption generated
2025-06-08 02:43:23,777 - INFO - GeminiMultimodalProcessor - Processing content of type: image
2025-06-08 02:43:23,777 - INFO - GeminiMultimodalProcessor - Processing image content
2025-06-08 02:43:26,262 - INFO - GeminiMultimodalProcessor - Image caption generated
2025-06-08 02:43:26,276 - INFO - GeminiMultimodalProcessor - Processing content of type: image
2025-06-08 02:43:26,276 - INFO - GeminiMultimodalProcessor - Processing image content
2025-06-08 02:43:28,935 - INFO - GeminiMultimodalProcessor - Image caption generated
2025-06-08 02:43:28,942 - INFO - GeminiMultimodalProcessor - Processing content of type: image
2025-06-08 02:43:28,942 - INFO - GeminiMultimodalProcessor - Processing image content
2025-06-08 02:43:31,217 - INFO - GeminiMultimodalProcessor - Image caption generated
2025-06-08 02:43:31,231 - INFO - GeminiMultimodalProcessor - Processing content of type: image
2025-06-08 02:43:31,231 - INFO - GeminiMultimodalProcessor - Processing image content
2025-06-08 02:43:33,369 - INFO - GeminiMultimodalProcessor - Image caption generated
2025-06-08 02:43:33,382 - INFO - GeminiMultimodalProcessor - Processing content of type: image
2025-06-08 02:43:33,383 - INFO - GeminiMultimodalProcessor - Processing image content
2025-06-08 02:43:35,359 - INFO - GeminiMultimodalProcessor - Image caption generated
2025-06-08 02:43:35,372 - INFO - GeminiMultimodalProcessor - Processing content of type: image
2025-06-08 02:43:35,372 - INFO - GeminiMultimodalProcessor - Processing image content
2025-06-08 02:43:37,556 - INFO - GeminiMultimodalProcessor - Image caption generated
2025-06-08 02:43:37,564 - INFO - GeminiMultimodalProcessor - Processing content of type: image
2025-06-08 02:43:37,564 - INFO - GeminiMultimodalProcessor - Processing image content
2025-06-08 02:43:39,708 - INFO - GeminiMultimodalProcessor - Image caption generated
2025-06-08 02:43:39,713 - INFO - GeminiMultimodalProcessor - Processing content of type: image
2025-06-08 02:43:39,713 - INFO - GeminiMultimodalProcessor - Processing image content
2025-06-08 02:43:41,658 - INFO - GeminiMultimodalProcessor - Image caption generated
2025-06-08 02:43:41,659 - INFO - PDFProcessor - Extracted 10 images in total.
2025-06-08 02:43:41,729 - INFO - PDFProcessor - Total document chunks created: 35
2025-06-08 02:43:41,729 - INFO - upload - Processed document into 35 valid chunks
2025-06-08 02:43:41,729 - INFO - ChromaClient - Adding 35 document chunks for document_id: 5f0bbd46600e0b27
2025-06-08 02:43:41,730 - INFO - GeminiEmbeddings - Embedding total of 25 documents
2025-06-08 02:43:42,307 - INFO - GeminiEmbeddings - Generated embedding dimension: 768
2025-06-08 02:43:43,457 - INFO - GeminiEmbeddings - Generated embedding dimension: 768
2025-06-08 02:43:44,096 - INFO - GeminiEmbeddings - Generated embedding dimension: 768
2025-06-08 02:43:45,195 - INFO - GeminiEmbeddings - Generated embedding dimension: 768
2025-06-08 02:43:45,840 - INFO - GeminiEmbeddings - Generated embedding dimension: 768
2025-06-08 02:43:46,944 - INFO - GeminiEmbeddings - Generated embedding dimension: 768
2025-06-08 02:43:47,659 - INFO - GeminiEmbeddings - Generated embedding dimension: 768
2025-06-08 02:43:48,734 - INFO - GeminiEmbeddings - Generated embedding dimension: 768
2025-06-08 02:43:49,455 - INFO - GeminiEmbeddings - Generated embedding dimension: 768
2025-06-08 02:43:50,476 - INFO - GeminiEmbeddings - Generated embedding dimension: 768
2025-06-08 02:43:51,220 - INFO - GeminiEmbeddings - Generated embedding dimension: 768
2025-06-08 02:43:52,223 - INFO - GeminiEmbeddings - Generated embedding dimension: 768
2025-06-08 02:43:52,981 - INFO - GeminiEmbeddings - Generated embedding dimension: 768
2025-06-08 02:43:53,976 - INFO - GeminiEmbeddings - Generated embedding dimension: 768
2025-06-08 02:43:54,720 - INFO - GeminiEmbeddings - Generated embedding dimension: 768
2025-06-08 02:43:55,702 - INFO - GeminiEmbeddings - Generated embedding dimension: 768
2025-06-08 02:43:56,436 - INFO - GeminiEmbeddings - Generated embedding dimension: 768
2025-06-08 02:43:57,438 - INFO - GeminiEmbeddings - Generated embedding dimension: 768
2025-06-08 02:43:58,206 - INFO - GeminiEmbeddings - Generated embedding dimension: 768
2025-06-08 02:43:59,235 - INFO - GeminiEmbeddings - Generated embedding dimension: 768
2025-06-08 02:43:59,961 - INFO - GeminiEmbeddings - Generated embedding dimension: 768
2025-06-08 02:44:00,981 - INFO - GeminiEmbeddings - Generated embedding dimension: 768
2025-06-08 02:44:01,830 - INFO - GeminiEmbeddings - Generated embedding dimension: 768
2025-06-08 02:44:02,740 - INFO - GeminiEmbeddings - Generated embedding dimension: 768
2025-06-08 02:44:03,572 - INFO - GeminiEmbeddings - Generated embedding dimension: 768
2025-06-08 02:44:03,572 - INFO - GeminiEmbeddings - Completed embedding of all batches
2025-06-08 02:44:03,680 - INFO - GeminiEmbeddings - Embedding total of 10 documents
2025-06-08 02:44:04,435 - INFO - GeminiEmbeddings - Generated embedding dimension: 768
2025-06-08 02:44:05,430 - INFO - GeminiEmbeddings - Generated embedding dimension: 768
2025-06-08 02:44:06,192 - INFO - GeminiEmbeddings - Generated embedding dimension: 768
2025-06-08 02:44:07,140 - INFO - GeminiEmbeddings - Generated embedding dimension: 768
2025-06-08 02:44:07,944 - INFO - GeminiEmbeddings - Generated embedding dimension: 768
2025-06-08 02:44:08,833 - INFO - GeminiEmbeddings - Generated embedding dimension: 768
2025-06-08 02:44:09,630 - INFO - GeminiEmbeddings - Generated embedding dimension: 768
2025-06-08 02:44:10,213 - INFO - GeminiEmbeddings - Generated embedding dimension: 768
2025-06-08 02:44:10,814 - INFO - GeminiEmbeddings - Generated embedding dimension: 768
2025-06-08 02:44:11,652 - INFO - GeminiEmbeddings - Generated embedding dimension: 768
2025-06-08 02:44:11,653 - INFO - GeminiEmbeddings - Completed embedding of all batches
2025-06-08 02:44:11,653 - WARNING - ChromaClient - Some image URIs missing or empty; adding without URIs
2025-06-08 02:44:11,683 - INFO - ChromaClient - Documents added successfully to ChromaDB
2025-06-08 02:44:11,683 - INFO - upload - Added document chunks to ChromaDB with document ID: 5f0bbd46600e0b27
2025-06-08 02:44:11,684 - INFO - upload - Document page count: 35
2025-06-08 13:58:14,888 - INFO - query - Received query request: question='What is the purpose of the Global Warming Potential (GWP) values in this document?', document_id='5f0bbd46600e0b27', top_k=3
2025-06-08 13:58:14,902 - INFO - MultimodalRetriever - Initializing MultimodalRetriever
2025-06-08 13:58:14,905 - INFO - ChromaClient - Initializing ChromaClient with collection: multimodal_docs
2025-06-08 13:58:15,142 - INFO - GeminiEmbeddings - Configuring Gemini embeddings model
2025-06-08 13:58:15,186 - INFO - GeminiEmbeddings - Gemini embeddings model initialized
2025-06-08 13:58:15,222 - INFO - ChromaClient - Chroma collection ready
2025-06-08 13:58:15,222 - INFO - GeminiEmbeddings - Configuring Gemini embeddings model
2025-06-08 13:58:15,222 - INFO - GeminiEmbeddings - Gemini embeddings model initialized
2025-06-08 13:58:17,455 - INFO - query - Corrected query from 'What is the purpose of the Global Warming Potential (GWP) values in this document?' to 'What is the purpose of the global warming potential (GWP) values in this document?'
2025-06-08 13:58:17,458 - INFO - MultimodalRetriever - Starting end-to-end query for document_id: 5f0bbd46600e0b27
2025-06-08 13:58:19,428 - INFO - MultimodalRetriever - Starting retrieval for query: 'What is the purpose of the glo...' and document_id: 5f0bbd46600e0b27
2025-06-08 13:58:19,908 - INFO - ChromaClient - Querying ChromaDB for document_id: 5f0bbd46600e0b27 | top_k=3
2025-06-08 13:58:19,971 - INFO - ChromaClient - Query returned 3 results
2025-06-08 13:58:19,978 - INFO - ChromaClient - Raw result scores before thresholding:
2025-06-08 13:58:19,978 - INFO - ChromaClient - ID: 5f0bbd46600e0b27_txt_0 | Score: 0.5345 | Preview: dadsfdsaf  
  1 
IPCC Global  Warming  Potential  Values  
 
 
Version No.  Date  Description of ame
2025-06-08 13:58:19,978 - INFO - ChromaClient - ID: 5f0bbd46600e0b27_img_3 | Score: 0.5207 | Preview: Here's a caption analyzing the provided image:

This image displays the logo for the **Greenhouse Ga
2025-06-08 13:58:19,978 - INFO - ChromaClient - ID: 5f0bbd46600e0b27_img_8 | Score: 0.5207 | Preview: Here's a caption analyzing the provided image:

This image is the logo for the **Greenhouse Gas Prot
2025-06-08 13:58:19,978 - INFO - ChromaClient - 3 results returned without threshold filtering
2025-06-08 13:58:19,981 - INFO - MultimodalRetriever - Generating response for query: 'What is the purpose of the glo...' with 3 context chunks
2025-06-08 13:58:23,298 - INFO - MultimodalRetriever - End-to-end query completed
2025-06-08 13:58:23,304 - INFO - query - Query successful, returning results results
2025-06-08 14:00:03,347 - INFO - query - Received query request: question='Why does the IPCC recommend using AR6 values over earlier reports (AR4, AR5)?', document_id='5f0bbd46600e0b27', top_k=3
2025-06-08 14:00:03,347 - INFO - MultimodalRetriever - Initializing MultimodalRetriever
2025-06-08 14:00:03,347 - INFO - ChromaClient - Initializing ChromaClient with collection: multimodal_docs
2025-06-08 14:00:03,391 - INFO - GeminiEmbeddings - Configuring Gemini embeddings model
2025-06-08 14:00:03,394 - INFO - GeminiEmbeddings - Gemini embeddings model initialized
2025-06-08 14:00:03,408 - INFO - ChromaClient - Chroma collection ready
2025-06-08 14:00:03,409 - INFO - GeminiEmbeddings - Configuring Gemini embeddings model
2025-06-08 14:00:03,409 - INFO - GeminiEmbeddings - Gemini embeddings model initialized
2025-06-08 14:00:05,512 - INFO - query - Corrected query from 'Why does the IPCC recommend using AR6 values over earlier reports (AR4, AR5)?' to 'Why does the IPCC recommend using AR6 values over those from earlier reports (AR4 and AR5)?'
2025-06-08 14:00:05,512 - INFO - MultimodalRetriever - Starting end-to-end query for document_id: 5f0bbd46600e0b27
2025-06-08 14:00:07,801 - INFO - MultimodalRetriever - Starting retrieval for query: 'Why does the IPCC recommend us...' and document_id: 5f0bbd46600e0b27
2025-06-08 14:00:08,241 - INFO - ChromaClient - Querying ChromaDB for document_id: 5f0bbd46600e0b27 | top_k=3
2025-06-08 14:00:08,251 - INFO - ChromaClient - Query returned 3 results
2025-06-08 14:00:08,259 - INFO - ChromaClient - Raw result scores before thresholding:
2025-06-08 14:00:08,260 - INFO - ChromaClient - ID: 5f0bbd46600e0b27_txt_1 | Score: 0.4415 | Preview: This table documents the version history of a single document or data set.  Let's break down its con
2025-06-08 14:00:08,260 - INFO - ChromaClient - ID: 5f0bbd46600e0b27_txt_5 | Score: 0.4206 | Preview: This table is extremely limited and provides insufficient data for a detailed analysis.  It only sho
2025-06-08 14:00:08,260 - INFO - ChromaClient - ID: 5f0bbd46600e0b27_txt_0 | Score: 0.3972 | Preview: dadsfdsaf  
  1 
IPCC Global  Warming  Potential  Values  
 
 
Version No.  Date  Description of ame
2025-06-08 14:00:08,260 - INFO - ChromaClient - 3 results returned without threshold filtering
2025-06-08 14:00:08,262 - INFO - MultimodalRetriever - Generating response for query: 'Why does the IPCC recommend us...' with 3 context chunks
2025-06-08 14:00:10,632 - INFO - MultimodalRetriever - Starting retrieval for query: 'What are the key differences b...' and document_id: 5f0bbd46600e0b27
2025-06-08 14:00:11,107 - INFO - ChromaClient - Querying ChromaDB for document_id: 5f0bbd46600e0b27 | top_k=3
2025-06-08 14:00:11,125 - INFO - ChromaClient - Query returned 3 results
2025-06-08 14:00:11,126 - INFO - ChromaClient - Raw result scores before thresholding:
2025-06-08 14:00:11,126 - INFO - ChromaClient - ID: 5f0bbd46600e0b27_img_2 | Score: 0.4603 | Preview: Here's a caption analyzing the provided image:

This image is the logo for the **Greenhouse Gas Prot
2025-06-08 14:00:11,127 - INFO - ChromaClient - ID: 5f0bbd46600e0b27_img_5 | Score: 0.4603 | Preview: Here's a caption for the image:

This image displays the logo for the Greenhouse Gas Protocol.  The 
2025-06-08 14:00:11,127 - INFO - ChromaClient - ID: 5f0bbd46600e0b27_img_6 | Score: 0.4603 | Preview: Here's a caption analyzing the provided image:

This image displays the logo for the **Greenhouse Ga
2025-06-08 14:00:11,127 - INFO - ChromaClient - 3 results returned without threshold filtering
2025-06-08 14:00:11,128 - INFO - MultimodalRetriever - Generating response for query: 'What are the key differences b...' with 3 context chunks
2025-06-08 14:00:13,213 - INFO - MultimodalRetriever - Starting retrieval for query: 'Why are the AR4 and AR5 values...' and document_id: 5f0bbd46600e0b27
2025-06-08 14:00:13,680 - INFO - ChromaClient - Querying ChromaDB for document_id: 5f0bbd46600e0b27 | top_k=3
2025-06-08 14:00:13,683 - INFO - ChromaClient - Query returned 3 results
2025-06-08 14:00:13,685 - INFO - ChromaClient - Raw result scores before thresholding:
2025-06-08 14:00:13,686 - INFO - ChromaClient - ID: 5f0bbd46600e0b27_txt_5 | Score: 0.3965 | Preview: This table is extremely limited and provides insufficient data for a detailed analysis.  It only sho
2025-06-08 14:00:13,686 - INFO - ChromaClient - ID: 5f0bbd46600e0b27_img_0 | Score: 0.3827 | Preview: Here's a caption analyzing the provided image:

This image displays the logo for the **Greenhouse Ga
2025-06-08 14:00:13,687 - INFO - ChromaClient - ID: 5f0bbd46600e0b27_img_7 | Score: 0.3827 | Preview: Here's a caption analyzing the provided image:

This image displays the logo for the Greenhouse Gas 
2025-06-08 14:00:13,687 - INFO - ChromaClient - 3 results returned without threshold filtering
2025-06-08 14:00:13,687 - INFO - MultimodalRetriever - Generating response for query: 'Why are the AR4 and AR5 values...' with 3 context chunks
2025-06-08 14:00:16,248 - INFO - MultimodalRetriever - Starting retrieval for query: 'What improvements in data and ...' and document_id: 5f0bbd46600e0b27
2025-06-08 14:00:16,718 - INFO - ChromaClient - Querying ChromaDB for document_id: 5f0bbd46600e0b27 | top_k=3
2025-06-08 14:00:16,725 - INFO - ChromaClient - Query returned 3 results
2025-06-08 14:00:16,726 - INFO - ChromaClient - Raw result scores before thresholding:
2025-06-08 14:00:16,726 - INFO - ChromaClient - ID: 5f0bbd46600e0b27_img_3 | Score: 0.5009 | Preview: Here's a caption analyzing the provided image:

This image displays the logo for the **Greenhouse Ga
2025-06-08 14:00:16,727 - INFO - ChromaClient - ID: 5f0bbd46600e0b27_img_4 | Score: 0.5009 | Preview: Here's a caption analyzing the provided image:

This image displays the logo for the **Greenhouse Ga
2025-06-08 14:00:16,727 - INFO - ChromaClient - ID: 5f0bbd46600e0b27_img_6 | Score: 0.5009 | Preview: Here's a caption analyzing the provided image:

This image displays the logo for the **Greenhouse Ga
2025-06-08 14:00:16,727 - INFO - ChromaClient - 3 results returned without threshold filtering
2025-06-08 14:00:16,728 - INFO - MultimodalRetriever - Generating response for query: 'What improvements in data and ...' with 3 context chunks
2025-06-08 14:00:18,646 - INFO - MultimodalRetriever - End-to-end query completed
2025-06-08 14:00:18,646 - INFO - query - Query successful, returning results results
2025-06-08 14:01:12,218 - INFO - query - Received query request: question='What are the three time horizons for GWP values mentioned, and which is included here?', document_id='5f0bbd46600e0b27', top_k=3
2025-06-08 14:01:12,219 - INFO - MultimodalRetriever - Initializing MultimodalRetriever
2025-06-08 14:01:12,219 - INFO - ChromaClient - Initializing ChromaClient with collection: multimodal_docs
2025-06-08 14:01:12,238 - INFO - GeminiEmbeddings - Configuring Gemini embeddings model
2025-06-08 14:01:12,239 - INFO - GeminiEmbeddings - Gemini embeddings model initialized
2025-06-08 14:01:12,254 - INFO - ChromaClient - Chroma collection ready
2025-06-08 14:01:12,254 - INFO - GeminiEmbeddings - Configuring Gemini embeddings model
2025-06-08 14:01:12,254 - INFO - GeminiEmbeddings - Gemini embeddings model initialized
2025-06-08 14:01:14,879 - INFO - query - Corrected query from 'What are the three time horizons for GWP values mentioned, and which is included here?' to 'What are the three time horizons mentioned for global warming potential (GWP) values, and which one is included here?'
2025-06-08 14:01:14,879 - INFO - MultimodalRetriever - Starting end-to-end query for document_id: 5f0bbd46600e0b27
2025-06-08 14:01:16,999 - INFO - MultimodalRetriever - Starting retrieval for query: 'What are the three time horizo...' and document_id: 5f0bbd46600e0b27
2025-06-08 14:01:17,469 - INFO - ChromaClient - Querying ChromaDB for document_id: 5f0bbd46600e0b27 | top_k=3
2025-06-08 14:01:17,479 - INFO - ChromaClient - Query returned 3 results
2025-06-08 14:01:17,487 - INFO - ChromaClient - Raw result scores before thresholding:
2025-06-08 14:01:17,487 - INFO - ChromaClient - ID: 5f0bbd46600e0b27_txt_0 | Score: 0.4895 | Preview: dadsfdsaf  
  1 
IPCC Global  Warming  Potential  Values  
 
 
Version No.  Date  Description of ame
2025-06-08 14:01:17,488 - INFO - ChromaClient - ID: 5f0bbd46600e0b27_txt_3 | Score: 0.4162 | Preview: This table presents Global Warming Potentials (GWPs) for various greenhouse gases, comparing values 
2025-06-08 14:01:17,488 - INFO - ChromaClient - ID: 5f0bbd46600e0b27_txt_21 | Score: 0.3573 | Preview: This table presents Global Warming Potential (GWP) values for various fluorinated organic compounds,
2025-06-08 14:01:17,488 - INFO - ChromaClient - 3 results returned without threshold filtering
2025-06-08 14:01:17,489 - INFO - MultimodalRetriever - Generating response for query: 'What are the three time horizo...' with 3 context chunks
2025-06-08 14:01:19,931 - INFO - MultimodalRetriever - Starting retrieval for query: 'Which time horizon is used in ...' and document_id: 5f0bbd46600e0b27
2025-06-08 14:01:20,423 - INFO - ChromaClient - Querying ChromaDB for document_id: 5f0bbd46600e0b27 | top_k=3
2025-06-08 14:01:20,438 - INFO - ChromaClient - Query returned 3 results
2025-06-08 14:01:20,438 - INFO - ChromaClient - Raw result scores before thresholding:
2025-06-08 14:01:20,440 - INFO - ChromaClient - ID: 5f0bbd46600e0b27_img_4 | Score: 0.6024 | Preview: Here's a caption analyzing the provided image:

This image displays the logo for the **Greenhouse Ga
2025-06-08 14:01:20,440 - INFO - ChromaClient - ID: 5f0bbd46600e0b27_img_7 | Score: 0.6024 | Preview: Here's a caption analyzing the provided image:

This image displays the logo for the Greenhouse Gas 
2025-06-08 14:01:20,440 - INFO - ChromaClient - ID: 5f0bbd46600e0b27_img_8 | Score: 0.6024 | Preview: Here's a caption analyzing the provided image:

This image is the logo for the **Greenhouse Gas Prot
2025-06-08 14:01:20,441 - INFO - ChromaClient - 3 results returned without threshold filtering
2025-06-08 14:01:20,441 - INFO - MultimodalRetriever - Generating response for query: 'Which time horizon is used in ...' with 3 context chunks
2025-06-08 14:01:22,235 - INFO - MultimodalRetriever - End-to-end query completed
2025-06-08 14:01:22,235 - INFO - query - Query successful, returning results results
2025-06-08 14:02:12,598 - INFO - query - Received query request: question='Why are there two GWP values for methane (fossil vs. non-fossil)?', document_id='5f0bbd46600e0b27', top_k=3
2025-06-08 14:02:12,599 - INFO - MultimodalRetriever - Initializing MultimodalRetriever
2025-06-08 14:02:12,600 - INFO - ChromaClient - Initializing ChromaClient with collection: multimodal_docs
2025-06-08 14:02:12,618 - INFO - GeminiEmbeddings - Configuring Gemini embeddings model
2025-06-08 14:02:12,618 - INFO - GeminiEmbeddings - Gemini embeddings model initialized
2025-06-08 14:02:12,635 - INFO - ChromaClient - Chroma collection ready
2025-06-08 14:02:12,635 - INFO - GeminiEmbeddings - Configuring Gemini embeddings model
2025-06-08 14:02:12,635 - INFO - GeminiEmbeddings - Gemini embeddings model initialized
2025-06-08 14:02:14,765 - INFO - query - Corrected query from 'Why are there two GWP values for methane (fossil vs. non-fossil)?' to 'Why are there two global warming potential (GWP) values for methane (fossil fuel vs. non-fossil fuel)?'
2025-06-08 14:02:14,766 - INFO - MultimodalRetriever - Starting end-to-end query for document_id: 5f0bbd46600e0b27
2025-06-08 14:02:16,835 - INFO - MultimodalRetriever - Starting retrieval for query: 'Why are there different global...' and document_id: 5f0bbd46600e0b27
2025-06-08 14:02:17,296 - INFO - ChromaClient - Querying ChromaDB for document_id: 5f0bbd46600e0b27 | top_k=3
2025-06-08 14:02:17,301 - INFO - ChromaClient - Query returned 3 results
2025-06-08 14:02:17,307 - INFO - ChromaClient - Raw result scores before thresholding:
2025-06-08 14:02:17,308 - INFO - ChromaClient - ID: 5f0bbd46600e0b27_txt_0 | Score: 0.4747 | Preview: dadsfdsaf  
  1 
IPCC Global  Warming  Potential  Values  
 
 
Version No.  Date  Description of ame
2025-06-08 14:02:17,309 - INFO - ChromaClient - ID: 5f0bbd46600e0b27_txt_2 | Score: 0.4267 | Preview: This table is not a data table with numerical values; instead, it's a textual explanation of instruc
2025-06-08 14:02:17,309 - INFO - ChromaClient - ID: 5f0bbd46600e0b27_txt_3 | Score: 0.4097 | Preview: This table presents Global Warming Potentials (GWPs) for various greenhouse gases, comparing values 
2025-06-08 14:02:17,310 - INFO - ChromaClient - 3 results returned without threshold filtering
2025-06-08 14:02:17,310 - INFO - MultimodalRetriever - Generating response for query: 'Why are there different global...' with 3 context chunks
2025-06-08 14:02:20,769 - INFO - MultimodalRetriever - Starting retrieval for query: 'What is the difference between...' and document_id: 5f0bbd46600e0b27
2025-06-08 14:02:21,216 - INFO - ChromaClient - Querying ChromaDB for document_id: 5f0bbd46600e0b27 | top_k=3
2025-06-08 14:02:21,230 - INFO - ChromaClient - Query returned 3 results
2025-06-08 14:02:21,234 - INFO - ChromaClient - Raw result scores before thresholding:
2025-06-08 14:02:21,234 - INFO - ChromaClient - ID: 5f0bbd46600e0b27_txt_0 | Score: 0.4520 | Preview: dadsfdsaf  
  1 
IPCC Global  Warming  Potential  Values  
 
 
Version No.  Date  Description of ame
2025-06-08 14:02:21,235 - INFO - ChromaClient - ID: 5f0bbd46600e0b27_txt_2 | Score: 0.4427 | Preview: This table is not a data table with numerical values; instead, it's a textual explanation of instruc
2025-06-08 14:02:21,235 - INFO - ChromaClient - ID: 5f0bbd46600e0b27_txt_3 | Score: 0.3702 | Preview: This table presents Global Warming Potentials (GWPs) for various greenhouse gases, comparing values 
2025-06-08 14:02:21,235 - INFO - ChromaClient - 3 results returned without threshold filtering
2025-06-08 14:02:21,236 - INFO - MultimodalRetriever - Generating response for query: 'What is the difference between...' with 3 context chunks
2025-06-08 14:02:25,023 - INFO - MultimodalRetriever - Starting retrieval for query: 'Why is this distinction made?...' and document_id: 5f0bbd46600e0b27
2025-06-08 14:02:25,459 - INFO - ChromaClient - Querying ChromaDB for document_id: 5f0bbd46600e0b27 | top_k=3
2025-06-08 14:02:25,463 - INFO - ChromaClient - Query returned 3 results
2025-06-08 14:02:25,464 - INFO - ChromaClient - Raw result scores before thresholding:
2025-06-08 14:02:25,464 - INFO - ChromaClient - ID: 5f0bbd46600e0b27_img_2 | Score: 0.6035 | Preview: Here's a caption analyzing the provided image:

This image is the logo for the **Greenhouse Gas Prot
2025-06-08 14:02:25,464 - INFO - ChromaClient - ID: 5f0bbd46600e0b27_img_5 | Score: 0.6035 | Preview: Here's a caption for the image:

This image displays the logo for the Greenhouse Gas Protocol.  The 
2025-06-08 14:02:25,464 - INFO - ChromaClient - ID: 5f0bbd46600e0b27_img_8 | Score: 0.6035 | Preview: Here's a caption analyzing the provided image:

This image is the logo for the **Greenhouse Gas Prot
2025-06-08 14:02:25,464 - INFO - ChromaClient - 3 results returned without threshold filtering
2025-06-08 14:02:25,465 - INFO - MultimodalRetriever - Generating response for query: 'Why is this distinction made?...' with 3 context chunks
2025-06-08 14:02:27,960 - INFO - MultimodalRetriever - End-to-end query completed
2025-06-08 14:02:27,960 - INFO - query - Query successful, returning results results
2025-06-08 15:33:09,479 - INFO - multimodal_api - Cleaning up resources before shutdown.
